00000194 A num_got_entries
bc000000 T _start
bc000400 t reset
bc000684 t CPLL_READY
bc0006e8 t CPLL_DONE
bc000728 t LDO_1P8V
bc000740 t LDO_2P5V
bc000754 t DDRLDO_SOFT_START
bc000774 t LDO_DELAY
bc000798 t SET_RG_BUCK_FPWM
bc0007ac t DDR_PAD_CFG
bc00083c t MT7628_KN_PAD
bc000860 t MT7628_AN_DDR1_PAD
bc0008a4 t MT7628_AN_DDR2_PAD
bc0008d0 t SET_PAD_CFG
bc000948 t DDR_READY
bc000b0c t SDRAM_INIT_DOWN
bc000b14 t tRFCinit
bc000b80 T relocate_code
bc000bdc t in_ram
bc000c3c t romReserved
bc000c40 t romExcHandle
bc000c44 T init_cpu_pll
bc000d9c t CPLL_EXIT
bc000da0 T SDR_CFG0_TBL
bc000dc0 T SDR_CFG1_TBL
bc000de0 T DDR1_CFG0_TBL
bc000e08 T DDR1_CFG1_TBL
bc000e30 t DDR1_CFG2_TBL
bc000e58 t DDR1_CFG3_TBL
bc000e80 t DDR1_CFG4_TBL
bc000ea8 T DDR2_CFG0_TBL
bc000ec8 T DDR2_CFG1_TBL
bc000ee8 t DDR2_CFG2_TBL
bc000f08 t DDR2_CFG3_TBL
bc000f28 t DDR2_CFG4_TBL
bc000f50 T sbrk
bc000fa0 T board_init_f
bc00125c T OperationSelect
bc001360 T tftp_config
bc001840 T trigger_hw_reset
bc001848 T config_usb_ehciohci
bc001880 T disable_pcie
bc0018b8 T gpio_init
bc001940 T led_on
bc001958 T led_off
bc001970 T detect_wps
bc00198c T board_init_r
bc002cf8 T hang
bc002d28 T rw_rf_reg
bc002e24 T do_rw_rf
bc002f64 T gpio_test
bc003150 t mips_count_get
bc003158 T timer_init
bc00316c T get_timer
bc0031b0 T udelay
bc003240 T mdelay
bc003290 T NetSetEther
bc003310 T ArpRequest
bc00347c t startAgainTimeout
bc003498 t startAgainHandler
bc0034a0 T NetSetTimeout
bc003504 T NetSetHandler
bc00351c T NetStartAgain
bc003610 T ArpTimeoutCheck
bc0036e0 T NetSendPacket
bc0036f8 T NetCksum
bc003740 T NetSetIP
bc0038b4 T NetSendUDPPacket
bc003a80 T NetCksumOk
bc003ac0 T NetEthHdrSize
bc003ac8 T copy_filename
bc003b3c T ip_to_string
bc003bbc T string_to_ip
bc003c80 T getenv_IPaddr
bc003cbc T NetLoop
bc004118 T print_IPaddr
bc00415c T NetSendHttpd
bc0041f4 T NetReceiveHttpd
bc0042d8 T NetReceive
bc0048e8 T NetLoopHttpd
bc004d60 T TftpSend
bc004f80 t TftpHandler
bc005330 t TftpTimeout
bc0053c4 T TftpStart
bc005670 T eth_parse_enetaddr
bc005710 T eth_register
bc00577c T eth_initialize
bc0059bc T eth_try_another
bc0059f4 T eth_init
bc005a9c T eth_halt
bc005af4 T eth_send
bc005b2c T eth_rx
bc005b60 T HttpdHandler
bc005cbc T HttpdStart
bc005cf4 T do_http_upgrade
bc005dc8 T do_http_progress
bc005ff0 T uip_init
bc00608c T uip_unlisten
bc0060e8 T uip_listen
bc006144 t uip_add_rcv_nxt
bc0061c0 T uip_process
bc0071f0 T uip_add32
bc0072c4 T uip_chksum
bc00733c T uip_ipchksum
bc007378 T uip_tcpchksum
bc0074e0 T uip_arp_init
bc007560 T uip_arp_timer
bc007628 t uip_arp_update
bc007808 T uip_arp_ipin
bc007898 T uip_arp_arpin
bc007a10 T uip_arp_out
bc007c60 t httpd_download_progress
bc007cd8 T httpd_init
bc007d14 t httpd_state_reset
bc007d74 t httpd_findandstore_firstchunk
bc008070 T httpd_appcall
bc008960 T fs_open
bc0089f8 T fs_init
bc008a00 T START_ETH
bc008a60 T STOP_ETH
bc008ac8 T rt2880_free_buf_entry_dequeue
bc008afc t rt2880_free_buf_entry_enqueue
bc008b7c T rt2880_eth_initialize
bc008dcc T LANWANPartition
bc008dd4 T isDMABusy
bc008e44 t rt2880_eth_init
bc00914c T mt7628_ephy_init
bc0093c0 T rt305x_esw_init
bc009500 t rt2880_eth_send
bc009700 t rt2880_eth_recv
bc0098ec T rt2880_eth_halt
bc009904 t delete_char
bc009a5c T readline
bc009d40 T input_value
bc009dd0 T enable_mdio
bc009dd8 T mii_mgr_read
bc009f24 T mii_mgr_write
bc00a06c T dump_phy_reg
bc00a220 T rt2880_mdio_access
bc00a6d0 t bbu_spic_busy_wait
bc00a764 T spic_init
bc00a76c t bbu_mb_spic_trans
bc00aab0 t bbu_spic_trans
bc00adf0 t raspi_read_rg
bc00ae40 t raspi_read_sr
bc00ae60 t raspi_write_rg
bc00aeb4 t raspi_write_sr
bc00aed4 t raspi_read_devid
bc00af70 t raspi_wait_ready
bc00b074 t raspi_4byte_mode
bc00b2f0 T chip_prob
bc00b430 T raspi_init
bc00b478 T raspi_erase
bc00b688 T raspi_read
bc00b80c T raspi_write
bc00bb48 T raspi_erase_write
bc00bf38 T do_mem_cp
bc00c064 T do_flerase
bc00c358 T ralink_spi_command
bc00c960 T run_command
bc00ce64 T main_loop
bc00cf70 T do_go
bc00d050 T print_image_hdr
bc00d404 T do_bootm
bc00da10 T send_pad
bc00da68 T ktrans
bc00daa4 T chk1
bc00dadc T s1_sendpacket
bc00db3c T send_ack
bc00dbc8 T send_nack
bc00dc54 t bin_data_init
bc00dc84 t bin_data_char
bc00dcd0 T k_data_init
bc00dcf0 T k_data_save
bc00dd40 T k_data_restore
bc00dd90 T k_data_char
bc00de34 T handle_send_packet
bc00e094 T do_load_serial_bin
bc00e6e0 T do_tftpb
bc00eb10 T cmd_get_data_size
bc00ebc8 T do_mem_md
bc00ee98 T do_mem_base
bc00ef04 T do_mem_loop
bc00f08c t mod_mem
bc00f298 T do_mem_nm
bc00f2e0 T do_mem_mm
bc00f328 T do_mem_crc
bc00f500 t envmatch
bc00f5a4 T do_printenv
bc00f814 T _do_setenv
bc00ff04 T setenv
bc00ff58 T do_setenv
bc00ffcc T getenv
bc0100a4 T do_saveenv
bc010100 T do_version
bc010140 T find_cmd
bc010260 T do_help
bc0104f0 t console_setfile
bc0105d8 T serial_printf
bc010630 T fgetc
bc010668 T ftstc
bc0106a0 T fputc
bc0106e4 T fputs
bc010724 T fprintf
bc010784 T getc
bc0107c4 T tstc
bc010804 T putc
bc01084c T puts
bc01088c T printf
bc0108e4 T vprintf
bc010930 T ctrlc
bc0109b4 T disable_ctrlc
bc0109d0 T had_ctrlc
bc0109e8 T clear_ctrlc
bc010a00 T dbg
bc010a10 T console_assign
bc010b2c T console_init_f
bc010b3c T console_init_r
bc010cb0 T device_register
bc010cf4 T devices_init
bc010df0 T devices_done
bc010e30 T malloc_bin_reloc
bc010e70 t do_check_chunk
bc010e78 t do_check_free_chunk
bc010e80 t do_check_inuse_chunk
bc010e88 t do_check_malloced_chunk
bc010e90 T malloc_trim
bc010fb8 T free
bc01122c T malloc
bc011978 T realloc
bc011eec T memalign
bc012084 T valloc
bc0120a0 T pvalloc
bc0120c4 T calloc
bc0121d8 T cfree
bc0121f0 T malloc_usable_size
bc012248 T mallopt
bc0122e0 T env_crc_update
bc012330 t env_get_char_init
bc01237c T env_get_char_memory
bc0123b0 T env_get_addr
bc0123e0 T env_relocate
bc0124d0 t dummy
bc0124d8 T get_version
bc0124e0 T jumptable_init
bc012580 T NewHandle
bc01262c T DisposeHandle
bc012688 T GetHandleSize
bc012690 T SetHandleSize
bc012758 T ListCreate
bc0127c8 T ListDispose
bc0127e0 T ListInsertItems
bc012a2c T ListInsertItem
bc012a44 T ListGetPtrToItem
bc012a84 T ListNumItems
bc012a90 T usb_get_class_desc
bc012b90 T usb_display_class_sub
bc012dfc T usb_display_string
bc012e54 T usb_display_desc
bc013004 T usb_display_conf_desc
bc01310c T usb_display_if_desc
bc013218 T usb_display_ep_desc
bc013358 T usb_display_config
bc013440 T usb_show_tree_graph
bc01372c T usb_show_tree
bc013788 T do_usbboot
bc013d5c T do_usb
bc0144c0 T get_dev
bc01451c T do_fat_fsload
bc01473c T do_fat_ls
bc0148d8 T do_fat_fsinfo
bc014a30 T env_get_char_spec
bc014a40 T env_init
bc014a64 T spi_env_init
bc014b30 T saveenv
bc014c8c T env_relocate_spec
bc014cc0 T wait_ms
bc014d10 T usb_hub_reset
bc014d28 T usb_alloc_new_device
bc014e2c T usb_stop
bc014e70 T usb_disable_asynch
bc014e90 T usb_submit_int_msg
bc014ea8 T usb_control_msg
bc015058 T usb_bulk_msg
bc015118 T usb_maxpacket
bc015148 T usb_set_maxpacket
bc0152e0 T usb_parse_config
bc015508 T usb_clear_halt
bc0155f4 T usb_get_descriptor
bc015680 T usb_get_configuration_no
bc0157e0 T usb_set_address
bc01586c T usb_set_interface
bc015970 T usb_set_configuration
bc015a30 T usb_set_protocol
bc015aac T usb_set_idle
bc015b30 T usb_get_report
bc015bc4 T usb_get_class_descriptor
bc015c58 T usb_get_string
bc015d38 t usb_string_sub
bc015ed0 T usb_string
bc016070 T usb_get_dev_index
bc0160ac T usb_free_device
bc016164 T usb_hub_reset_devices
bc01616c t usb_get_hub_descriptor
bc0161ec t usb_clear_port_feature
bc016268 t usb_set_port_feature
bc0162e4 t usb_get_port_status
bc016364 t usb_hub_power_on
bc016490 T hub_port_reset
bc0165ec T usb_hub_probe
bc016ae8 T usb_new_device
bc016f08 T usb_hub_port_connect_change
bc0170c0 T usb_init
bc017290 T usb_stor_get_dev
bc0172c0 T usb_show_progress
bc0172dc T usb_stor_info
bc017398 t usb_stor_irq
bc0173b4 T usb_storage_probe
bc017664 t usb_stor_BBB_reset
bc01780c t usb_stor_CB_reset
bc017974 T usb_stor_CB_comdat
bc017c8c T usb_stor_CBI_get_status
bc017db4 T usb_stor_BBB_clear_endpt_stall
bc017e58 t usb_stor_BBB_transport
bc0181e8 T usb_stor_CB_transport
bc018474 t usb_request_sense
bc01851c t usb_test_unit_ready
bc0185e4 T usb_stor_read
bc018908 T usb_stor_get_info
bc018c48 T usb_stor_scan
bc018ec0 T crc32
bc0190e0 T display_options
bc019120 T print_size
bc019230 T strchr
bc01926c T strlen
bc019290 T strrchr
bc019308 T strnlen
bc019344 T memset
bc019370 T memcpy
bc0193a0 T memmove
bc01941c T memcmp
bc01944c T strstr
bc019510 T simple_strtoul
bc019604 T simple_strtol
bc019654 t skip_atoi
bc0196b4 t number
bc019928 T vsprintf
bc019e84 T sprintf
bc019ec0 T panic
bc019f40 T RangeDecoderReadByte
bc019f74 T RangeDecoderInit
bc019ffc T RangeDecoderDecodeDirectBits
bc01a0b8 T RangeDecoderBitDecode
bc01a1cc T RangeDecoderBitTreeDecode
bc01a260 T RangeDecoderReverseBitTreeDecode
bc01a304 T LzmaLiteralDecode
bc01a374 T LzmaLiteralDecodeMatch
bc01a44c T LzmaLenDecode
bc01a538 T LzmaDecode
bc01a9ac T lzmaBuffToBuffDecompress
bc01abc0 T get_ram_size
bc01acf4 T initdram
bc01ad30 T checkboard
bc01ad70 T serial_setbrg
bc01add4 T serial_init
bc01ae0c T serial_putc
bc01ae60 T serial_tstc
bc01ae74 T serial_getc
bc01ae98 T serial_puts
bc01aef0 T do_reset
bc01af08 T flush_cache
bc01afa4 T flush_dcache_range
bc01afe4 T invalidate_dcache_range
bc01b030 t linux_env_set
bc01b158 T do_bootm_linux
bc01b940 t urb_free_priv
bc01ba3c t ep_rev
bc01ba74 t td_fill
bc01bc7c t td_submit_job
bc01bf74 T rh_check_port_status
bc01bfdc t hc_reset
bc01c100 t hc_interrupt
bc01c8d8 T submit_common_msg
bc01d1c0 T submit_int_msg
bc01d1e0 T submit_control_msg
bc01d8b0 T submit_bulk_msg
bc01d8e8 T usb_event_poll
bc01d904 t hc_release_ohci
bc01d930 T rt_usb_leave_power_saving
bc01d968 T usb_lowlevel_init
bc01dc58 T usb_lowlevel_stop
bc01dcb0 t downcase
bc01dce0 t disk_read
bc01dd2c T fat_register_device
bc01df14 t dirdelim
bc01df60 t get_name
bc01e090 t get_fatent
bc01e2fc t get_cluster
bc01e498 t slot2str
bc01e55c t get_vfatname
bc01e7c4 t mkcksum
bc01e804 t read_bootsectandvi
bc01ea04 T do_fat_read
bc01f714 T file_fat_detectfs
bc01f89c T file_fat_ls
bc01f8bc T file_fat_read
bc01f930 T dev_print
bc01fb74 T init_part
bc01fbbc T get_partition_info
bc01fc0c T print_part
bc01fd20 T test_part_dos
bc01fda8 t print_partition_extended
bc01ff84 t get_partition_info_extended
bc0202e8 T print_part_dos
bc02030c T get_partition_info_dos
bc020360 R version_string
bc020420 r data_vt_png
bc023228 r data_style_css
bc0233d4 r data_index_html
bc02378c r data_flashing_html
bc023d2c r data_fail_html
bc023f18 r data_404_html
bc024100 r __func__.2
bc024114 r __func__.8
bc024128 r __func__.1
bc024154 r __func__.4
bc024164 r __func__.3
bc024174 r __func__.0
bc024188 r __func__.9
bc02419c r __func__.10
bc0241b0 r __func__.6
bc0241c0 r __func__.11
bc0241cc r __func__.7
bc0241d8 r __func__.5
bc0242b0 r baudrate_table
bc0242f0 r __func__.0
bc024310 r p.0
bc02a190 D NetBcastAddr
bc02a1a0 D uip_ethaddr
bc02a1b0 d eol
bc02a1b4 d eol2
bc02a1c0 d tab_seq
bc02a1cc d erase_seq
bc02a1d0 D stm_opcodes
bc02a210 D load_addr
bc02a220 D dp_last_length
bc02a230 d mmap_threshold
bc02a234 d trim_threshold
bc02a238 d sbrk_base
bc02a240 D default_environment
bc02a2c0 D usb_stor_curr_dev
bc02a2d0 d flash_addr
bc02a2e0 D us_direction
bc02a300 d crc_table_empty
bc02a310 D _ctype
bc02a410 D unuse_str
bc02a42c d cc_to_error
bc02a46c d root_hub_str_index1
bc02a488 d root_hub_str_index0
bc02a48c d root_hub_config_des
bc02a4a8 d root_hub_dev_des
bc02a4c0 D file_vt_png
bc02a4d0 D file_style_css
bc02a4e0 D file_index_html
bc02a4f0 D file_flashing_html
bc02a500 D file_fail_html
bc02a510 D file_404_html
bc02a520 d chips_data
bc02a8b0 D stdio_names
bc02a8bc d av_
bc02acc4 D env_get_char
bc02acc8 D env_name_spec
bc02accc d cc_to_string
bc02ad10 A _gp
bc02ad10 D _GLOBAL_OFFSET_TABLE_
bc02ad10 D __got_start
bc02b360 A __u_boot_cmd_start
bc02b360 D __got_end
bc02b360 D __u_boot_cmd_rf
bc02b378 D __u_boot_cmd_mdio
bc02b390 D __u_boot_cmd_spi
bc02b3a8 D __u_boot_cmd_erase
bc02b3c0 D __u_boot_cmd_cp
bc02b3d8 D __u_boot_cmd_reset
bc02b3f0 D __u_boot_cmd_go
bc02b408 D __u_boot_cmd_bootm
bc02b420 D __u_boot_cmd_loadb
bc02b438 D __u_boot_cmd_tftpboot
bc02b450 D __u_boot_cmd_crc32
bc02b468 D __u_boot_cmd_nm
bc02b480 D __u_boot_cmd_mm
bc02b498 D __u_boot_cmd_md
bc02b4b0 D __u_boot_cmd_saveenv
bc02b4c8 D __u_boot_cmd_setenv
bc02b4e0 D __u_boot_cmd_printenv
bc02b4f8 D __u_boot_cmd_question_mark
bc02b510 D __u_boot_cmd_help
bc02b528 D __u_boot_cmd_version
bc02b540 D __u_boot_cmd_usbboot
bc02b558 D __u_boot_cmd_usb
bc02b570 D __u_boot_cmd_fatinfo
bc02b588 D __u_boot_cmd_fatls
bc02b5a0 D __u_boot_cmd_fatload
bc02b5b8 A __u_boot_cmd_end
bc02b5b8 A uboot_end_data
bc02b600 B modifies
bc02b604 b mem_malloc_start
bc02b608 b mem_malloc_end
bc02b60c b mem_malloc_brk
bc02b610 b file_name_space
bc02b690 B NetTxPacket
bc02b694 B NetEtherNullAddr
bc02b69c B NetServerEther
bc02b6a2 B NetBootFileSize
bc02b6a4 B NetOurRootPath
bc02b6e4 B NetOurHostName
bc02b704 B NetOurNISDomain
bc02b724 B NetOurDNSIP
bc02b728 B NetOurGatewayIP
bc02b72c B NetOurSubnetMask
bc02b730 B webfailsafe_upgrade_type
bc02b734 B webfailsafe_ready_for_upgrade
bc02b738 B webfailsafe_is_running
bc02b73c B webfailsafe_data_pointer
bc02b740 b packetHandler
bc02b744 b timeHandler
bc02b748 b timeStart
bc02b74c b timeDelta
bc02b750 b TftpServerPort
bc02b754 b TftpOurPort
bc02b758 b TftpTimeoutCount
bc02b75c b TftpBlock
bc02b760 b TftpLastBlock
bc02b764 b TftpBlockWrap
bc02b768 b TftpBlockWrapOffset
bc02b76c b TftpState
bc02b770 b default_filename
bc02b780 b tftp_filename
bc02b790 b first_failed.0
bc02b794 b eth_devices
bc02b798 b eth_current
bc02b7a0 b arptimer
bc02b7b0 b ipid
bc02b7b4 b iss
bc02b7b8 b c
bc02b7b9 b opt
bc02b7ba b tmp16
bc02b7c0 b arp_table
bc02b7d8 b ipaddr
bc02b7dc b i
bc02b7dd b c
bc02b7de b arptime
bc02b7df b tmpage
bc02b7e0 b webfailsafe_upload_failed
bc02b7e4 b webfailsafe_post_done
bc02b7e8 b data_start_found
bc02b7ec b post_packet_counter
bc02b7f0 b boundary_value
bc02b800 b rt2880_free_buf
bc02bae0 b tx_ring0_cache
bc02bc60 b rx_ring_cache
bc02bde0 b rx_dma_owner_idx0
bc02bde4 b rx_wants_alloc_idx0
bc02bde8 b tx_cpu_owner_idx0
bc02bdec b rx_ring
bc02bdf0 b tx_ring0
bc02bdf4 b rxRingSize
bc02bdf5 b txRingSize
bc02bdf8 b rt2880_eth_initd
bc02bdfc b PKT_HEADER_Buf_Pool
bc042640 B spi_chip_info
bc042650 b lastcommand.0
bc042750 b a_b
bc042768 b os_data_state
bc04276c b os_data_state_saved
bc042770 b os_data_count_saved
bc042774 b os_data_addr
bc042778 b os_data_addr_saved
bc04277c b bin_start_address
bc042780 b k_data_escape
bc042784 b k_data_escape_saved
bc042790 b base_address
bc0427a0 b ctrlc_was_pressed
bc0427a4 b ctrlc_disabled
bc0427b0 B stdio_devices
bc0427bc B devlist
bc0427c0 b n_mmaps_max
bc0427c4 b top_pad
bc0427c8 b current_mallinfo
bc0427f0 b max_total_mem
bc0427f4 b mmapped_mem
bc0427f8 b max_sbrked_mem
bc042800 b usb_dev
bc055400 b dev_index
bc055404 b running
bc055408 b asynch_allowed
bc05540c b setup_packet
bc055414 b hub_dev
bc055514 b usb_hub_index
bc055520 b CBWTag
bc055524 b usb_max_devs
bc055528 b usb_stor_buf
bc055728 b usb_ccb
bc0557b8 b usb_dev_desc
bc0559ac b usb_stor
bc055ab0 b crc_table
bc055eb0 b linux_argc
bc055eb4 b linux_argv
bc055eb8 b linux_env
bc055ebc b linux_env_p
bc055ec0 b linux_env_idx
bc055ed0 b ohci_inited
bc055ee0 b cur_dev
bc055ee4 b cur_part_nr
bc055ee8 b cur_part_info
bc055f40 B gd_data
bc055f64 B Pkt_Buf_Pool
bc06d3a4 B NetRxPackets
bc06d494 B BootFile
bc06d514 B NetArpWaitPacketBuf
bc06db54 B uip_conns
bc06dbac B uip_buf
bc06e18c B console_buffer
bc06e28c B console_history
bc06ec8c B header
bc06eccc B os_data_header
bc06ecec B send_parms
bc06ed00 B gtd
bc070560 B ohci_dev
bc070770 B gohci
bc070900 B ghcca
bc070a00 B get_dentfromdir_block_buf
bc080a00 B get_vfatname_block
bc090a00 B do_fat_read_block_buf
bc0a0a00 A uboot_end
bc0a0a00 C monitor_flash_len
bc0a0a04 C mips_bus_feq
bc0a0a08 C mips_cpu_feq
bc0a0a0c C NetArpWaitTry
bc0a0a10 C NetArpWaitPacketMAC
bc0a0a14 C NetOurEther
bc0a0a1c C NetOurIP
bc0a0a20 C NetServerIP
bc0a0a24 C NetArpWaitTxPacketSize
bc0a0a28 C NetArpWaitReplyIP
bc0a0a2c C NetArpWaitTxPacket
bc0a0a30 C NetArpWaitPacketIP
bc0a0a34 C NetState
bc0a0a38 C NetIPID
bc0a0a3c C NetRxPkt
bc0a0a40 C NetRxPktLen
bc0a0a44 C NetBootFileXferSize
bc0a0a48 C PktBuf
bc0a0a4c C NetArpWaitTimerStart
bc0a0a50 C TftpStarted
bc0a0a54 C uip_len
bc0a0a58 C uip_sappdata
bc0a0a5c C uip_acc32
bc0a0a60 C uip_flags
bc0a0a64 C uip_appdata
bc0a0a68 C uip_conn
bc0a0a6c C uip_arp_netmask
bc0a0a70 C uip_listenports
bc0a0a72 C uip_surglen
bc0a0a74 C uip_urgdata
bc0a0a78 C uip_hostaddr
bc0a0a7c C uip_arp_draddr
bc0a0a80 C uip_urglen
bc0a0a82 C uip_slen
bc0a0a84 C hs
bc0a0a88 C rt2880_free_buf_list
bc0a0a90 C PKT_HEADER_Buf
bc0a0a94 C rt2880_pdev
bc0a0a98 C rt2880_busing_buf_list
bc0a0aa0 C his_pad_char
bc0a0aa4 C os_data_count
bc0a0aa8 C os_data_init
bc0a0aac C send_ptr
bc0a0ab0 C os_data_char
bc0a0ab4 C his_eol
bc0a0ab5 C his_quote
bc0a0ab8 C his_pad_count
bc0a0abc C dp_last_size
bc0a0ac0 C dp_last_addr
bc0a0ac4 C mm_last_size
bc0a0ac8 C mm_last_addr
bc0a0acc C env_ptr
bc0a0ad0 C ___strtok
bc0a0ad4 C ohci_dev_dma
bc0a0ad8 C devgone
bc0a0adc C ptd_dma
bc0a0ae0 C phcca
