Archive member included because of file (symbol)

lib_mips/libmips.a(board.o)   (__u_boot_cmd_rf)
lib_mips/libmips.a(time.o)    lib_mips/libmips.a(board.o) (timer_init)
net/libnet.a(net.o)           lib_mips/libmips.a(board.o) (copy_filename)
net/libnet.a(tftp.o)          net/libnet.a(net.o) (TftpSend)
net/libnet.a(eth.o)           lib_mips/libmips.a(board.o) (eth_initialize)
net/libnet.a(httpd.o)         net/libnet.a(net.o) (HttpdHandler)
httpd/libhttpd.a(uip.o)       net/libnet.a(httpd.o) (uip_init)
httpd/libhttpd.a(uip_arch.o)  httpd/libhttpd.a(uip.o) (uip_add32)
httpd/libhttpd.a(uip_arp.o)   net/libnet.a(net.o) (uip_ethaddr)
httpd/libhttpd.a(httpd.o)     net/libnet.a(httpd.o) (httpd_init)
httpd/libhttpd.a(fs.o)        httpd/libhttpd.a(httpd.o) (file_index_html)
drivers/libdrivers.a(rt2880_eth.o)
                              net/libnet.a(net.o) (rt2880_free_buf_entry_dequeue)
drivers/libdrivers.a(mii_mgr.o)
                              (__u_boot_cmd_mdio)
drivers/libdrivers.a(spi_rt6855A_flash.o)
                              (__u_boot_cmd_spi)
common/libcommon.a(main.o)    lib_mips/libmips.a(board.o) (main_loop)
common/libcommon.a(cmd_boot.o)
                              (__u_boot_cmd_reset)
common/libcommon.a(cmd_bootm.o)
                              (__u_boot_cmd_bootm)
common/libcommon.a(cmd_load.o)
                              (__u_boot_cmd_loadb)
common/libcommon.a(cmd_net.o)
                              (__u_boot_cmd_tftpboot)
common/libcommon.a(cmd_mem.o)
                              (__u_boot_cmd_crc32)
common/libcommon.a(cmd_nvedit.o)
                              (__u_boot_cmd_saveenv)
common/libcommon.a(command.o)
                              (__u_boot_cmd_question_mark)
common/libcommon.a(console.o)
                              lib_mips/libmips.a(board.o) (printf)
common/libcommon.a(devices.o)
                              common/libcommon.a(console.o) (stdio_names)
common/libcommon.a(dlmalloc.o)
                              lib_mips/libmips.a(board.o) (malloc_bin_reloc)
common/libcommon.a(env_common.o)
                              common/libcommon.a(cmd_nvedit.o) (env_get_char)
common/libcommon.a(exports.o)
                              lib_mips/libmips.a(board.o) (jumptable_init)
common/libcommon.a(lists.o)   common/libcommon.a(devices.o) (ListCreate)
common/libcommon.a(cmd_usb.o)
                              (__u_boot_cmd_usbboot)
common/libcommon.a(cmd_fat.o)
                              (__u_boot_cmd_fatinfo)
common/libcommon.a(env_spi.o)
                              lib_mips/libmips.a(board.o) (env_name_spec)
common/libcommon.a(usb.o)     common/libcommon.a(cmd_usb.o) (usb_stop)
common/libcommon.a(usb_storage.o)
                              common/libcommon.a(cmd_usb.o) (usb_stor_get_dev)
lib_generic/libgeneric.a(crc32.o)
                              common/libcommon.a(cmd_bootm.o) (crc32)
lib_generic/libgeneric.a(ctype.o)
                              common/libcommon.a(usb.o) (_ctype)
lib_generic/libgeneric.a(display_options.o)
                              lib_mips/libmips.a(board.o) (print_size)
lib_generic/libgeneric.a(string.o)
                              common/libcommon.a(command.o) (strchr)
lib_generic/libgeneric.a(vsprintf.o)
                              lib_mips/libmips.a(board.o) (simple_strtoul)
lib_generic/libgeneric.a(LzmaDecode.o)
                              common/libcommon.a(cmd_bootm.o) (lzmaBuffToBuffDecompress)
board/rt2880/librt2880.a(rt2880.o)
                              lib_mips/libmips.a(board.o) (initdram)
board/rt2880/librt2880.a(serial.o)
                              common/libcommon.a(cmd_load.o) (serial_setbrg)
cpu/ralink_soc/libralink_soc.a(cpu.o)
                              lib_mips/libmips.a(board.o) (do_reset)
lib_mips/libmips.a(mips_linux.o)
                              common/libcommon.a(cmd_bootm.o) (do_bootm_linux)
drivers/libdrivers.a(ohci-hcd.o)
                              common/libcommon.a(usb.o) (submit_int_msg)
fs/fat/libfat.a(fat.o)        common/libcommon.a(cmd_fat.o) (fat_register_device)
disk/libdisk.a(part.o)        common/libcommon.a(cmd_usb.o) (dev_print)
disk/libdisk.a(part_dos.o)    disk/libdisk.a(part.o) (test_part_dos)

Allocating common symbols
Common symbol       size              file

dp_last_size        0x4               common/libcommon.a(cmd_mem.o)
console_buffer      0x100             drivers/libdrivers.a(rt2880_eth.o)
NetArpWaitTry       0x4               net/libnet.a(net.o)
NetArpWaitPacketMAC
                    0x4               net/libnet.a(net.o)
NetOurEther         0x6               net/libnet.a(net.o)
uip_len             0x2               httpd/libhttpd.a(uip.o)
NetOurIP            0x4               net/libnet.a(net.o)
NetServerIP         0x4               net/libnet.a(net.o)
monitor_flash_len   0x4               lib_mips/libmips.a(board.o)
hs                  0x4               httpd/libhttpd.a(httpd.o)
Pkt_Buf_Pool        0x17440           net/libnet.a(net.o)
[...]
Memory Configuration

Name             Origin             Length             Attributes
*default*        0x0000000000000000 0xffffffffffffffff

Linker script and memory map

                0x0000000000000000                . = 0x0
                0x0000000000000000                . = ALIGN (0x4)

.text           0x00000000bc000000    0x20360
 *(.text)
 .text          0x00000000bc000000      0xf50 cpu/ralink_soc/start.o
                0x00000000bc000ea8                DDR2_CFG0_TBL
                0x00000000bc000b80                relocate_code
                0x00000000bc000da0                SDR_CFG0_TBL
                0x00000000bc000e08                DDR1_CFG1_TBL
                0x00000000bc000000                _start
                0x00000000bc000de0                DDR1_CFG0_TBL
                0x00000000bc000ec8                DDR2_CFG1_TBL
                0x00000000bc000c44                init_cpu_pll
                0x00000000bc000dc0                SDR_CFG1_TBL
 .text          0x00000000bc000f50     0x2200 lib_mips/libmips.a(board.o)
                0x00000000bc002e24                do_rw_rf
                0x00000000bc002cf8                hang
                0x00000000bc002d28                rw_rf_reg
                0x00000000bc00198c                board_init_r
                0x00000000bc002f64                gpio_test
                0x00000000bc001940                led_on
                0x00000000bc00125c                OperationSelect
                0x00000000bc000f50                sbrk
                0x00000000bc001880                disable_pcie
                0x00000000bc001958                led_off
                0x00000000bc000fa0                board_init_f
                0x00000000bc001360                tftp_config
                0x00000000bc001848                config_usb_ehciohci
                0x00000000bc001840                trigger_hw_reset
                0x00000000bc001970                detect_wps
                0x00000000bc0018b8                gpio_init
 .text          0x00000000bc003150      0x140 lib_mips/libmips.a(time.o)
                0x00000000bc003240                mdelay
                0x00000000bc00316c                get_timer
                0x00000000bc003158                timer_init
                0x00000000bc0031b0                udelay
 .text          0x00000000bc003290     0x1ad0 net/libnet.a(net.o)
                0x00000000bc003c80                getenv_IPaddr
                0x00000000bc003a80                NetCksumOk
                0x00000000bc0034a0                NetSetTimeout
                0x00000000bc003ac8                copy_filename
                0x00000000bc003ac0                NetEthHdrSize
                0x00000000bc003b3c                ip_to_string
                0x00000000bc003610                ArpTimeoutCheck
                0x00000000bc0042d8                NetReceive
                0x00000000bc0048e8                NetLoopHttpd
                0x00000000bc003bbc                string_to_ip
                0x00000000bc0038b4                NetSendUDPPacket
                0x00000000bc004118                print_IPaddr
                0x00000000bc003290                NetSetEther
                0x00000000bc0041f4                NetReceiveHttpd
                0x00000000bc003cbc                NetLoop
                0x00000000bc003310                ArpRequest
                0x00000000bc0036f8                NetCksum
                0x00000000bc003740                NetSetIP
                0x00000000bc00415c                NetSendHttpd
                0x00000000bc00351c                NetStartAgain
                0x00000000bc003504                NetSetHandler
                0x00000000bc0036e0                NetSendPacket
 .text          0x00000000bc004d60      0x910 net/libnet.a(tftp.o)
                0x00000000bc004d60                TftpSend
                0x00000000bc0053c4                TftpStart
 .text          0x00000000bc005670      0x4f0 net/libnet.a(eth.o)
                0x00000000bc005a9c                eth_halt
                0x00000000bc005710                eth_register
                0x00000000bc005670                eth_parse_enetaddr
                0x00000000bc0059bc                eth_try_another
                0x00000000bc00577c                eth_initialize
                0x00000000bc005b2c                eth_rx
                0x00000000bc0059f4                eth_init
                0x00000000bc005af4                eth_send
 .text          0x00000000bc005b60      0x490 net/libnet.a(httpd.o)
                0x00000000bc005dc8                do_http_progress
                0x00000000bc005cbc                HttpdStart
                0x00000000bc005b60                HttpdHandler
                0x00000000bc005cf4                do_http_upgrade
 .text          0x00000000bc005ff0     0x1200 httpd/libhttpd.a(uip.o)
                0x00000000bc00608c                uip_unlisten
                0x00000000bc0061c0                uip_process
                0x00000000bc0060e8                uip_listen
                0x00000000bc005ff0                uip_init
 .text          0x00000000bc0071f0      0x2f0 httpd/libhttpd.a(uip_arch.o)
                0x00000000bc0071f0                uip_add32
                0x00000000bc00733c                uip_ipchksum
                0x00000000bc007378                uip_tcpchksum
                0x00000000bc0072c4                uip_chksum
 .text          0x00000000bc0074e0      0x780 httpd/libhttpd.a(uip_arp.o)
                0x00000000bc007a10                uip_arp_out
                0x00000000bc007898                uip_arp_arpin
                0x00000000bc007560                uip_arp_timer
                0x00000000bc0074e0                uip_arp_init
                0x00000000bc007808                uip_arp_ipin
 .text          0x00000000bc007c60      0xd00 httpd/libhttpd.a(httpd.o)
                0x00000000bc007cd8                httpd_init
                0x00000000bc008070                httpd_appcall
 .text          0x00000000bc008960       0xa0 httpd/libhttpd.a(fs.o)
                0x00000000bc008960                fs_open
                0x00000000bc0089f8                fs_init
 .text          0x00000000bc008a00     0x13d0 drivers/libdrivers.a(rt2880_eth.o)
                0x00000000bc008b7c                rt2880_eth_initialize
                0x00000000bc008ac8                rt2880_free_buf_entry_dequeue
                0x00000000bc0093c0                rt305x_esw_init
                0x00000000bc009a5c                readline
                0x00000000bc009d40                input_value
                0x00000000bc008a60                STOP_ETH
                0x00000000bc00914c                mt7628_ephy_init
                0x00000000bc008dcc                LANWANPartition
                0x00000000bc008dd4                isDMABusy
                0x00000000bc008a00                START_ETH
                0x00000000bc0098ec                rt2880_eth_halt
 .text          0x00000000bc009dd0      0x900 drivers/libdrivers.a(mii_mgr.o)
                0x00000000bc00a06c                dump_phy_reg
                0x00000000bc009f24                mii_mgr_write
                0x00000000bc009dd8                mii_mgr_read
                0x00000000bc009dd0                enable_mdio
                0x00000000bc00a220                rt2880_mdio_access
 .text          0x00000000bc00a6d0     0x2290 drivers/libdrivers.a(spi_rt6855A_flash.o)
                0x00000000bc00b688                raspi_read
                0x00000000bc00a764                spic_init
                0x00000000bc00bf38                do_mem_cp
                0x00000000bc00c358                ralink_spi_command
                0x00000000bc00b430                raspi_init
                0x00000000bc00c064                do_flerase
                0x00000000bc00b2f0                chip_prob
                0x00000000bc00b478                raspi_erase
                0x00000000bc00b80c                raspi_write
                0x00000000bc00bb48                raspi_erase_write
 .text          0x00000000bc00c960      0x610 common/libcommon.a(main.o)
                0x00000000bc00c960                run_command
                0x00000000bc00ce64                main_loop
 .text          0x00000000bc00cf70       0xe0 common/libcommon.a(cmd_boot.o)
                0x00000000bc00cf70                do_go
 .text          0x00000000bc00d050      0x9c0 common/libcommon.a(cmd_bootm.o)
                0x00000000bc00d050                print_image_hdr
                0x00000000bc00d404                do_bootm
 .text          0x00000000bc00da10      0xcd0 common/libcommon.a(cmd_load.o)
                0x00000000bc00dcd0                k_data_init
                0x00000000bc00dadc                s1_sendpacket
                0x00000000bc00de34                handle_send_packet
                0x00000000bc00dd40                k_data_restore
                0x00000000bc00dbc8                send_nack
                0x00000000bc00e094                do_load_serial_bin
                0x00000000bc00dd90                k_data_char
                0x00000000bc00daa4                chk1
                0x00000000bc00dcf0                k_data_save
                0x00000000bc00da68                ktrans
                0x00000000bc00da10                send_pad
                0x00000000bc00db3c                send_ack
 .text          0x00000000bc00e6e0      0x430 common/libcommon.a(cmd_net.o)
                0x00000000bc00e6e0                do_tftpb
 .text          0x00000000bc00eb10      0x9f0 common/libcommon.a(cmd_mem.o)
                0x00000000bc00ee98                do_mem_base
                0x00000000bc00f328                do_mem_crc
                0x00000000bc00f298                do_mem_nm
                0x00000000bc00f2e0                do_mem_mm
                0x00000000bc00eb10                cmd_get_data_size
                0x00000000bc00ef04                do_mem_loop
                0x00000000bc00ebc8                do_mem_md
 .text          0x00000000bc00f500      0xc00 common/libcommon.a(cmd_nvedit.o)
                0x00000000bc00ffcc                getenv
                0x00000000bc00f814                _do_setenv
                0x00000000bc00f5a4                do_printenv
                0x00000000bc00ff04                setenv
                0x00000000bc0100a4                do_saveenv
                0x00000000bc00ff58                do_setenv
 .text          0x00000000bc010100      0x3f0 common/libcommon.a(command.o)
                0x00000000bc010140                find_cmd
                0x00000000bc010260                do_help
                0x00000000bc010100                do_version
 .text          0x00000000bc0104f0      0x7c0 common/libcommon.a(console.o)
                0x00000000bc010b3c                console_init_r
                0x00000000bc01088c                printf
                0x00000000bc010a10                console_assign
                0x00000000bc010784                getc
                0x00000000bc01084c                puts
                0x00000000bc010a00                dbg
                0x00000000bc0105d8                serial_printf
                0x00000000bc010668                ftstc
                0x00000000bc010724                fprintf
                0x00000000bc0107c4                tstc
                0x00000000bc0108e4                vprintf
                0x00000000bc010930                ctrlc
                0x00000000bc010804                putc
                0x00000000bc0109b4                disable_ctrlc
                0x00000000bc010630                fgetc
                0x00000000bc0109d0                had_ctrlc
                0x00000000bc0106a0                fputc
                0x00000000bc010b2c                console_init_f
                0x00000000bc0109e8                clear_ctrlc
                0x00000000bc0106e4                fputs
 .text          0x00000000bc010cb0      0x180 common/libcommon.a(devices.o)
                0x00000000bc010cb0                device_register
                0x00000000bc010df0                devices_done
                0x00000000bc010cf4                devices_init
 .text          0x00000000bc010e30     0x14b0 common/libcommon.a(dlmalloc.o)
                0x00000000bc01122c                malloc
                0x00000000bc0120a0                pvalloc
                0x00000000bc0120c4                calloc
                0x00000000bc0121f0                malloc_usable_size
                0x00000000bc011978                realloc
                0x00000000bc010e90                malloc_trim
                0x00000000bc010e30                malloc_bin_reloc
                0x00000000bc012248                mallopt
                0x00000000bc011eec                memalign
                0x00000000bc0121d8                cfree
                0x00000000bc012084                valloc
                0x00000000bc010fb8                free
 .text          0x00000000bc0122e0      0x1f0 common/libcommon.a(env_common.o)
                0x00000000bc0123b0                env_get_addr
                0x00000000bc0123e0                env_relocate
                0x00000000bc0122e0                env_crc_update
                0x00000000bc01237c                env_get_char_memory
 .text          0x00000000bc0124d0       0xb0 common/libcommon.a(exports.o)
                0x00000000bc0124e0                jumptable_init
                0x00000000bc0124d8                get_version
 .text          0x00000000bc012580      0x510 common/libcommon.a(lists.o)
                0x00000000bc01262c                DisposeHandle
                0x00000000bc0127c8                ListDispose
                0x00000000bc0127e0                ListInsertItems
                0x00000000bc012580                NewHandle
                0x00000000bc012690                SetHandleSize
                0x00000000bc012a2c                ListInsertItem
                0x00000000bc012688                GetHandleSize
                0x00000000bc012a84                ListNumItems
                0x00000000bc012a44                ListGetPtrToItem
                0x00000000bc012758                ListCreate
 .text          0x00000000bc012a90     0x1a30 common/libcommon.a(cmd_usb.o)
                0x00000000bc013004                usb_display_conf_desc
                0x00000000bc013440                usb_show_tree_graph
                0x00000000bc012a90                usb_get_class_desc
                0x00000000bc013218                usb_display_ep_desc
                0x00000000bc012e54                usb_display_desc
                0x00000000bc012b90                usb_display_class_sub
                0x00000000bc01372c                usb_show_tree
                0x00000000bc012dfc                usb_display_string
                0x00000000bc01310c                usb_display_if_desc
                0x00000000bc013358                usb_display_config
                0x00000000bc013788                do_usbboot
                0x00000000bc013d5c                do_usb
 .text          0x00000000bc0144c0      0x570 common/libcommon.a(cmd_fat.o)
                0x00000000bc01451c                do_fat_fsload
                0x00000000bc0148d8                do_fat_fsinfo
                0x00000000bc01473c                do_fat_ls
                0x00000000bc0144c0                get_dev
 .text          0x00000000bc014a30      0x290 common/libcommon.a(env_spi.o)
                0x00000000bc014c8c                env_relocate_spec
                0x00000000bc014b30                saveenv
                0x00000000bc014a30                env_get_char_spec
                0x00000000bc014a64                spi_env_init
                0x00000000bc014a40                env_init
 .text          0x00000000bc014cc0     0x25d0 common/libcommon.a(usb.o)
                0x00000000bc015aac                usb_set_idle
                0x00000000bc015118                usb_maxpacket
                0x00000000bc0165ec                usb_hub_probe
                0x00000000bc014e2c                usb_stop
                0x00000000bc0170c0                usb_init
                0x00000000bc014e70                usb_disable_asynch
                0x00000000bc015508                usb_clear_halt
                0x00000000bc015058                usb_bulk_msg
                0x00000000bc015bc4                usb_get_class_descriptor
                0x00000000bc016490                hub_port_reset
                0x00000000bc014e90                usb_submit_int_msg
                0x00000000bc0152e0                usb_parse_config
                0x00000000bc0160ac                usb_free_device
                0x00000000bc014ea8                usb_control_msg
                0x00000000bc015a30                usb_set_protocol
                0x00000000bc016f08                usb_hub_port_connect_change
                0x00000000bc01586c                usb_set_interface
                0x00000000bc015ed0                usb_string
                0x00000000bc015b30                usb_get_report
                0x00000000bc0155f4                usb_get_descriptor
                0x00000000bc015c58                usb_get_string
                0x00000000bc014cc0                wait_ms
                0x00000000bc016164                usb_hub_reset_devices
                0x00000000bc015680                usb_get_configuration_no
                0x00000000bc016ae8                usb_new_device
                0x00000000bc015970                usb_set_configuration
                0x00000000bc015148                usb_set_maxpacket
                0x00000000bc0157e0                usb_set_address
                0x00000000bc014d28                usb_alloc_new_device
                0x00000000bc014d10                usb_hub_reset
                0x00000000bc016070                usb_get_dev_index
 .text          0x00000000bc017290     0x1c30 common/libcommon.a(usb_storage.o)
                0x00000000bc0173b4                usb_storage_probe
                0x00000000bc0181e8                usb_stor_CB_transport
                0x00000000bc017974                usb_stor_CB_comdat
                0x00000000bc017290                usb_stor_get_dev
                0x00000000bc0185e4                usb_stor_read
                0x00000000bc0172c0                usb_show_progress
                0x00000000bc018c48                usb_stor_scan
                0x00000000bc0172dc                usb_stor_info
                0x00000000bc018908                usb_stor_get_info
                0x00000000bc017db4                usb_stor_BBB_clear_endpt_stall
                0x00000000bc017c8c                usb_stor_CBI_get_status
 .text          0x00000000bc018ec0      0x220 lib_generic/libgeneric.a(crc32.o)
                0x00000000bc018ec0                crc32
 .text          0x00000000bc0190e0      0x150 lib_generic/libgeneric.a(display_options.o)
                0x00000000bc0190e0                display_options
                0x00000000bc019120                print_size
 .text          0x00000000bc019230      0x2e0 lib_generic/libgeneric.a(string.o)
                0x00000000bc0193a0                memmove
                0x00000000bc019370                memcpy
                0x00000000bc019308                strnlen
                0x00000000bc019290                strrchr
                0x00000000bc01944c                strstr
                0x00000000bc01941c                memcmp
                0x00000000bc019344                memset
                0x00000000bc01926c                strlen
                0x00000000bc019230                strchr
 .text          0x00000000bc019510      0xa30 lib_generic/libgeneric.a(vsprintf.o)
                0x00000000bc019928                vsprintf
                0x00000000bc019604                simple_strtol
                0x00000000bc019ec0                panic
                0x00000000bc019e84                sprintf
                0x00000000bc019510                simple_strtoul
 .text          0x00000000bc019f40      0xc80 lib_generic/libgeneric.a(LzmaDecode.o)
                0x00000000bc019f74                RangeDecoderInit
                0x00000000bc01a9ac                lzmaBuffToBuffDecompress
                0x00000000bc019ffc                RangeDecoderDecodeDirectBits
                0x00000000bc01a1cc                RangeDecoderBitTreeDecode
                0x00000000bc01a304                LzmaLiteralDecode
                0x00000000bc01a0b8                RangeDecoderBitDecode
                0x00000000bc01a260                RangeDecoderReverseBitTreeDecode
                0x00000000bc01a44c                LzmaLenDecode
                0x00000000bc01a538                LzmaDecode
                0x00000000bc019f40                RangeDecoderReadByte
                0x00000000bc01a374                LzmaLiteralDecodeMatch
 .text          0x00000000bc01abc0      0x1b0 board/rt2880/librt2880.a(rt2880.o)
                0x00000000bc01abc0                get_ram_size
                0x00000000bc01ad30                checkboard
                0x00000000bc01acf4                initdram
 .text          0x00000000bc01ad70      0x180 board/rt2880/librt2880.a(serial.o)
                0x00000000bc01ad70                serial_setbrg
                0x00000000bc01ae60                serial_tstc
                0x00000000bc01ae0c                serial_putc
                0x00000000bc01add4                serial_init
                0x00000000bc01ae98                serial_puts
                0x00000000bc01ae74                serial_getc
 .text          0x00000000bc01aef0      0x140 cpu/ralink_soc/libralink_soc.a(cpu.o)
                0x00000000bc01afe4                invalidate_dcache_range
                0x00000000bc01af08                flush_cache
                0x00000000bc01afa4                flush_dcache_range
                0x00000000bc01aef0                do_reset
 .text          0x00000000bc01b030      0x910 lib_mips/libmips.a(mips_linux.o)
                0x00000000bc01b158                do_bootm_linux
 .text          0x00000000bc01b940     0x2370 drivers/libdrivers.a(ohci-hcd.o)
                0x00000000bc01bf74                rh_check_port_status
                0x00000000bc01dc58                usb_lowlevel_stop
                0x00000000bc01d930                rt_usb_leave_power_saving
                0x00000000bc01d8e8                usb_event_poll
                0x00000000bc01d1c0                submit_int_msg
                0x00000000bc01d8b0                submit_bulk_msg
                0x00000000bc01d1e0                submit_control_msg
                0x00000000bc01d968                usb_lowlevel_init
                0x00000000bc01c8d8                submit_common_msg
 .text          0x00000000bc01dcb0     0x1c80 fs/fat/libfat.a(fat.o)
                0x00000000bc01f8bc                file_fat_read
                0x00000000bc01ea04                do_fat_read
                0x00000000bc01f89c                file_fat_ls
                0x00000000bc01f714                file_fat_detectfs
                0x00000000bc01dd2c                fat_register_device
 .text          0x00000000bc01f930      0x3f0 disk/libdisk.a(part.o)
                0x00000000bc01f930                dev_print
                0x00000000bc01fc0c                print_part
                0x00000000bc01fbbc                get_partition_info
                0x00000000bc01fb74                init_part
 .text          0x00000000bc01fd20      0x640 disk/libdisk.a(part_dos.o)
                0x00000000bc02030c                get_partition_info_dos
                0x00000000bc0202e8                print_part_dos
                0x00000000bc01fd20                test_part_dos
                0x00000000bc020360                . = ALIGN (0x4)

.rodata         0x00000000bc020360     0x4050
 *(.rodata)
 .rodata        0x00000000bc020360       0x30 lib_mips/libmips.a(board.o)
                0x00000000bc020360                version_string
 .rodata        0x00000000bc020390       0x10 net/libnet.a(net.o)
 .rodata        0x00000000bc0203a0       0x30 net/libnet.a(tftp.o)
 .rodata        0x00000000bc0203d0       0x10 net/libnet.a(eth.o)
 .rodata        0x00000000bc0203e0       0x40 httpd/libhttpd.a(uip.o)
 .rodata        0x00000000bc020420     0x3ce0 httpd/libhttpd.a(fs.o)
 .rodata        0x00000000bc024100       0xf0 drivers/libdrivers.a(spi_rt6855A_flash.o)
 .rodata        0x00000000bc0241f0       0xc0 common/libcommon.a(cmd_bootm.o)
 .rodata        0x00000000bc0242b0       0x20 common/libcommon.a(cmd_nvedit.o)
 .rodata        0x00000000bc0242d0       0x20 common/libcommon.a(cmd_usb.o)
 .rodata        0x00000000bc0242f0       0x20 common/libcommon.a(usb.o)
 .rodata        0x00000000bc024310       0x10 lib_generic/libgeneric.a(crc32.o)
 .rodata        0x00000000bc024320       0x50 drivers/libdrivers.a(ohci-hcd.o)
 .rodata        0x00000000bc024370       0x20 disk/libdisk.a(part.o)
 .rodata        0x00000000bc024390       0x20 disk/libdisk.a(part_dos.o)

.reginfo        0x00000000bc0243b0       0x18
 .reginfo       0x00000000bc0243b0       0x18 cpu/ralink_soc/start.o

.rodata.str1.4  0x00000000bc0243c8     0x5dbc
 .rodata.str1.4
                0x00000000bc0243c8     0x1037 lib_mips/libmips.a(board.o)
                                       0x108c (size before relaxing)
 *fill*         0x00000000bc0253ff        0x1 00
 .rodata.str1.4
                0x00000000bc025400      0x36a net/libnet.a(net.o)
                                        0x388 (size before relaxing)
 *fill*         0x00000000bc02576a        0x2 00
 .rodata.str1.4
                0x00000000bc02576c      0x203 net/libnet.a(tftp.o)
                                        0x210 (size before relaxing)
 *fill*         0x00000000bc02596f        0x1 00
 .rodata.str1.4
                0x00000000bc025970       0x5a net/libnet.a(eth.o)
                                         0x64 (size before relaxing)
 *fill*         0x00000000bc0259ca        0x2 00
 .rodata.str1.4
                0x00000000bc0259cc      0x1f8 net/libnet.a(httpd.o)
 .rodata.str1.4
                0x00000000bc025bc4      0x2a3 httpd/libhttpd.a(httpd.o)
                                        0x2b0 (size before relaxing)
 *fill*         0x00000000bc025e67        0x1 00
 .rodata.str1.4
                0x00000000bc025e68       0x46 httpd/libhttpd.a(fs.o)
                                         0x48 (size before relaxing)
 *fill*         0x00000000bc025eae        0x2 00
 .rodata.str1.4
                0x00000000bc025eb0      0x14c drivers/libdrivers.a(rt2880_eth.o)
 .rodata.str1.4
                0x00000000bc025ffc      0x417 drivers/libdrivers.a(mii_mgr.o)
                                        0x428 (size before relaxing)
 *fill*         0x00000000bc026413        0x1 00
 .rodata.str1.4
                0x00000000bc026414      0x789 drivers/libdrivers.a(spi_rt6855A_flash.o)
                                        0x7a0 (size before relaxing)
 *fill*         0x00000000bc026b9d        0x3 00
 .rodata.str1.4
                0x00000000bc026ba0       0x7d common/libcommon.a(main.o)
                                         0x98 (size before relaxing)
 *fill*         0x00000000bc026c1d        0x3 00
 .rodata.str1.4
                0x00000000bc026c20      0x10b common/libcommon.a(cmd_boot.o)
                                        0x118 (size before relaxing)
 *fill*         0x00000000bc026d2b        0x1 00
 .rodata.str1.4
                0x00000000bc026d2c      0x4d0 common/libcommon.a(cmd_bootm.o)
                                        0x4d4 (size before relaxing)
 .rodata.str1.4
                0x00000000bc0271fc      0x1bc common/libcommon.a(cmd_load.o)
                                        0x1d4 (size before relaxing)
 .rodata.str1.4
                0x00000000bc0273b8       0xf5 common/libcommon.a(cmd_net.o)
                                        0x158 (size before relaxing)
 *fill*         0x00000000bc0274ad        0x3 00
 .rodata.str1.4
                0x00000000bc0274b0      0x296 common/libcommon.a(cmd_mem.o)
                                        0x2a4 (size before relaxing)
 *fill*         0x00000000bc027746        0x2 00
 .rodata.str1.4
                0x00000000bc027748      0x2ad common/libcommon.a(cmd_nvedit.o)
                                        0x318 (size before relaxing)
 *fill*         0x00000000bc0279f5        0x3 00
 .rodata.str1.4
                0x00000000bc0279f8      0x211 common/libcommon.a(command.o)
                                        0x21c (size before relaxing)
 *fill*         0x00000000bc027c09        0x3 00
 .rodata.str1.4
                0x00000000bc027c0c       0x2f common/libcommon.a(devices.o)
                                         0x48 (size before relaxing)
 *fill*         0x00000000bc027c3b        0x1 00
 .rodata.str1.4
                0x00000000bc027c3c       0x33 common/libcommon.a(env_common.o)
                                         0x34 (size before relaxing)
 *fill*         0x00000000bc027c6f        0x1 00
 .rodata.str1.4
                0x00000000bc027c70      0x997 common/libcommon.a(cmd_usb.o)
                                        0xa34 (size before relaxing)
 *fill*         0x00000000bc028607        0x1 00
 .rodata.str1.4
                0x00000000bc028608      0x42f common/libcommon.a(cmd_fat.o)
                                        0x474 (size before relaxing)
 *fill*         0x00000000bc028a37        0x1 00
 .rodata.str1.4
                0x00000000bc028a38       0x52 common/libcommon.a(env_spi.o)
                                         0x54 (size before relaxing)
 *fill*         0x00000000bc028a8a        0x2 00
 .rodata.str1.4
                0x00000000bc028a8c      0x67d common/libcommon.a(usb.o)
                                        0x680 (size before relaxing)
 *fill*         0x00000000bc029109        0x3 00
 .rodata.str1.4
                0x00000000bc02910c      0x2ed common/libcommon.a(usb_storage.o)
                                        0x2f4 (size before relaxing)
 *fill*         0x00000000bc0293f9        0x3 00
 .rodata.str1.4
                0x00000000bc0293fc       0x1f lib_generic/libgeneric.a(display_options.o)
                                         0x20 (size before relaxing)
 *fill*         0x00000000bc02941b        0x1 00
 .rodata.str1.4
                0x00000000bc02941c       0x57 lib_generic/libgeneric.a(vsprintf.o)
                                         0x58 (size before relaxing)
 *fill*         0x00000000bc029473        0x1 00
 .rodata.str1.4
                0x00000000bc029474       0x1b board/rt2880/librt2880.a(rt2880.o)
                                         0x1c (size before relaxing)
 *fill*         0x00000000bc02948f        0x1 00
 .rodata.str1.4
                0x00000000bc029490      0x133 lib_mips/libmips.a(mips_linux.o)
                                        0x188 (size before relaxing)
 *fill*         0x00000000bc0295c3        0x1 00
 .rodata.str1.4
                0x00000000bc0295c4      0x873 drivers/libdrivers.a(ohci-hcd.o)
                                        0x874 (size before relaxing)
 *fill*         0x00000000bc029e37        0x1 00
 .rodata.str1.4
                0x00000000bc029e38      0x193 fs/fat/libfat.a(fat.o)
                                        0x1a0 (size before relaxing)
 *fill*         0x00000000bc029fcb        0x1 00
 .rodata.str1.4
                0x00000000bc029fcc      0x188 disk/libdisk.a(part.o)
                                        0x19c (size before relaxing)
 .rodata.str1.4
                0x00000000bc02a154       0x30 disk/libdisk.a(part_dos.o)
                                         0x3c (size before relaxing)
                0x00000000bc02a184                . = ALIGN (0x4)

.data           0x00000000bc02a190      0x330
 *(.data)
 .data          0x00000000bc02a190       0x10 net/libnet.a(net.o)
                0x00000000bc02a190                NetBcastAddr
 .data          0x00000000bc02a1a0       0x10 httpd/libhttpd.a(uip_arp.o)
                0x00000000bc02a1a0                uip_ethaddr
 .data          0x00000000bc02a1b0       0x10 httpd/libhttpd.a(httpd.o)
 .data          0x00000000bc02a1c0       0x10 drivers/libdrivers.a(rt2880_eth.o)
 .data          0x00000000bc02a1d0       0x40 drivers/libdrivers.a(spi_rt6855A_flash.o)
                0x00000000bc02a1d0                stm_opcodes
 .data          0x00000000bc02a210       0x10 common/libcommon.a(cmd_bootm.o)
                0x00000000bc02a210                load_addr
 .data          0x00000000bc02a220       0x10 common/libcommon.a(cmd_mem.o)
                0x00000000bc02a220                dp_last_length
 .data          0x00000000bc02a230       0x10 common/libcommon.a(dlmalloc.o)
 .data          0x00000000bc02a240       0x80 common/libcommon.a(env_common.o)
                0x00000000bc02a240                default_environment
 .data          0x00000000bc02a2c0       0x10 common/libcommon.a(cmd_usb.o)
                0x00000000bc02a2c0                usb_stor_curr_dev
 .data          0x00000000bc02a2d0       0x10 common/libcommon.a(env_spi.o)
 .data          0x00000000bc02a2e0       0x20 common/libcommon.a(usb_storage.o)
                0x00000000bc02a2e0                us_direction
 .data          0x00000000bc02a300       0x10 lib_generic/libgeneric.a(crc32.o)
 .data          0x00000000bc02a310      0x100 lib_generic/libgeneric.a(ctype.o)
                0x00000000bc02a310                _ctype
 .data          0x00000000bc02a410       0xb0 drivers/libdrivers.a(ohci-hcd.o)
                0x00000000bc02a410                unuse_str

.data.rel.ro    0x00000000bc02a4c0       0x50
 .data.rel.ro   0x00000000bc02a4c0       0x50 httpd/libhttpd.a(fs.o)
                0x00000000bc02a4e0                file_index_html
                0x00000000bc02a500                file_fail_html
                0x00000000bc02a4f0                file_flashing_html
                0x00000000bc02a4d0                file_style_css
                0x00000000bc02a4c0                file_vt_png

.data.rel.ro.local
                0x00000000bc02a510       0x10
 .data.rel.ro.local
                0x00000000bc02a510       0x10 httpd/libhttpd.a(fs.o)
                0x00000000bc02a510                file_404_html

.data.rel.local
                0x00000000bc02a520      0x7ec
 .data.rel.local
                0x00000000bc02a520      0x390 drivers/libdrivers.a(spi_rt6855A_flash.o)
 .data.rel.local
                0x00000000bc02a8b0        0xc common/libcommon.a(devices.o)
                0x00000000bc02a8b0                stdio_names
 .data.rel.local
                0x00000000bc02a8bc      0x408 common/libcommon.a(dlmalloc.o)
 .data.rel.local
                0x00000000bc02acc4        0x4 common/libcommon.a(env_common.o)
                0x00000000bc02acc4                env_get_char
 .data.rel.local
                0x00000000bc02acc8        0x4 common/libcommon.a(env_spi.o)
                0x00000000bc02acc8                env_name_spec
 .data.rel.local
                0x00000000bc02accc       0x40 drivers/libdrivers.a(ohci-hcd.o)
                0x00000000bc02ad0c                . = ALIGN (0x4)

.sdata
 *(.sdata)
 *(.sdata)
                0x00000000bc02ad10                _gp = ALIGN (0x10)

.got            0x00000000bc02ad10      0x650
                0x00000000bc02ad10                __got_start = .
 *(.got)
 .got           0x00000000bc02ad10      0x650 cpu/ralink_soc/start.o
                0x00000000bc02ad10                _GLOBAL_OFFSET_TABLE_
                0x00000000bc02b360                __got_end = .
                0x00000000bc02b360                __u_boot_cmd_start = .

.u_boot_cmd     0x00000000bc02b360      0x258
 *(.u_boot_cmd)
 .u_boot_cmd    0x00000000bc02b360       0x18 lib_mips/libmips.a(board.o)
                0x00000000bc02b360                __u_boot_cmd_rf
 .u_boot_cmd    0x00000000bc02b378       0x18 drivers/libdrivers.a(mii_mgr.o)
                0x00000000bc02b378                __u_boot_cmd_mdio
 .u_boot_cmd    0x00000000bc02b390       0x48 drivers/libdrivers.a(spi_rt6855A_flash.o)
                0x00000000bc02b3a8                __u_boot_cmd_erase
                0x00000000bc02b390                __u_boot_cmd_spi
                0x00000000bc02b3c0                __u_boot_cmd_cp
 .u_boot_cmd    0x00000000bc02b3d8       0x30 common/libcommon.a(cmd_boot.o)
                0x00000000bc02b3d8                __u_boot_cmd_reset
                0x00000000bc02b3f0                __u_boot_cmd_go
 .u_boot_cmd    0x00000000bc02b408       0x18 common/libcommon.a(cmd_bootm.o)
                0x00000000bc02b408                __u_boot_cmd_bootm
 .u_boot_cmd    0x00000000bc02b420       0x18 common/libcommon.a(cmd_load.o)
                0x00000000bc02b420                __u_boot_cmd_loadb
 .u_boot_cmd    0x00000000bc02b438       0x18 common/libcommon.a(cmd_net.o)
                0x00000000bc02b438                __u_boot_cmd_tftpboot
 .u_boot_cmd    0x00000000bc02b450       0x60 common/libcommon.a(cmd_mem.o)
                0x00000000bc02b498                __u_boot_cmd_md
                0x00000000bc02b480                __u_boot_cmd_mm
                0x00000000bc02b450                __u_boot_cmd_crc32
                0x00000000bc02b468                __u_boot_cmd_nm
 .u_boot_cmd    0x00000000bc02b4b0       0x48 common/libcommon.a(cmd_nvedit.o)
                0x00000000bc02b4b0                __u_boot_cmd_saveenv
                0x00000000bc02b4e0                __u_boot_cmd_printenv
                0x00000000bc02b4c8                __u_boot_cmd_setenv
 .u_boot_cmd    0x00000000bc02b4f8       0x48 common/libcommon.a(command.o)
                0x00000000bc02b4f8                __u_boot_cmd_question_mark
                0x00000000bc02b528                __u_boot_cmd_version
                0x00000000bc02b510                __u_boot_cmd_help
 .u_boot_cmd    0x00000000bc02b540       0x30 common/libcommon.a(cmd_usb.o)
                0x00000000bc02b558                __u_boot_cmd_usb
                0x00000000bc02b540                __u_boot_cmd_usbboot
 .u_boot_cmd    0x00000000bc02b570       0x48 common/libcommon.a(cmd_fat.o)
                0x00000000bc02b570                __u_boot_cmd_fatinfo
                0x00000000bc02b5a0                __u_boot_cmd_fatload
                0x00000000bc02b588                __u_boot_cmd_fatls
                0x00000000bc02b5b8                __u_boot_cmd_end = .
                0x00000000bc02b5b8                uboot_end_data = .
                0x0000000000000194                num_got_entries = ((__got_end - __got_start) >> 0x2)
                0x00000000bc02b5b8                . = ALIGN (0x4)

.sbss
 *(.sbss)

.bss            0x00000000bc02b600    0x75400
 *(.bss)
 .bss           0x00000000bc02b600       0x90 lib_mips/libmips.a(board.o)
                0x00000000bc02b600                modifies
 .bss           0x00000000bc02b690       0xc0 net/libnet.a(net.o)
                0x00000000bc02b73c                webfailsafe_data_pointer
                0x00000000bc02b704                NetOurNISDomain
                0x00000000bc02b69c                NetServerEther
                0x00000000bc02b72c                NetOurSubnetMask
                0x00000000bc02b6a2                NetBootFileSize
                0x00000000bc02b730                webfailsafe_upgrade_type
                0x00000000bc02b6e4                NetOurHostName
                0x00000000bc02b728                NetOurGatewayIP
                0x00000000bc02b694                NetEtherNullAddr
                0x00000000bc02b734                webfailsafe_ready_for_upgrade
                0x00000000bc02b690                NetTxPacket
                0x00000000bc02b738                webfailsafe_is_running
                0x00000000bc02b724                NetOurDNSIP
                0x00000000bc02b6a4                NetOurRootPath
 .bss           0x00000000bc02b750       0x40 net/libnet.a(tftp.o)
 .bss           0x00000000bc02b790       0x10 net/libnet.a(eth.o)
 .bss           0x00000000bc02b7a0       0x10 net/libnet.a(httpd.o)
 .bss           0x00000000bc02b7b0       0x10 httpd/libhttpd.a(uip.o)
 .bss           0x00000000bc02b7c0       0x20 httpd/libhttpd.a(uip_arp.o)
 .bss           0x00000000bc02b7e0       0x20 httpd/libhttpd.a(httpd.o)
 .bss           0x00000000bc02b800    0x16e40 drivers/libdrivers.a(rt2880_eth.o)
 .bss           0x00000000bc042640       0x10 drivers/libdrivers.a(spi_rt6855A_flash.o)
                0x00000000bc042640                spi_chip_info
 .bss           0x00000000bc042650      0x100 common/libcommon.a(main.o)
 .bss           0x00000000bc042750       0x40 common/libcommon.a(cmd_load.o)
 .bss           0x00000000bc042790       0x10 common/libcommon.a(cmd_mem.o)
 .bss           0x00000000bc0427a0       0x10 common/libcommon.a(console.o)
 .bss           0x00000000bc0427b0       0x10 common/libcommon.a(devices.o)
                0x00000000bc0427bc                devlist
                0x00000000bc0427b0                stdio_devices
 .bss           0x00000000bc0427c0       0x40 common/libcommon.a(dlmalloc.o)
 .bss           0x00000000bc042800    0x12d20 common/libcommon.a(usb.o)
 .bss           0x00000000bc055520      0x590 common/libcommon.a(usb_storage.o)
 .bss           0x00000000bc055ab0      0x400 lib_generic/libgeneric.a(crc32.o)
 .bss           0x00000000bc055eb0       0x20 lib_mips/libmips.a(mips_linux.o)
 .bss           0x00000000bc055ed0       0x10 drivers/libdrivers.a(ohci-hcd.o)
 .bss           0x00000000bc055ee0       0x60 fs/fat/libfat.a(fat.o)
 COMMON         0x00000000bc055f40       0x24 lib_mips/libmips.a(board.o)
                0x00000000bc055f40                gd_data
 COMMON         0x00000000bc055f64    0x17bf0 net/libnet.a(net.o)
                0x00000000bc055f64                Pkt_Buf_Pool
                0x00000000bc06d3a4                NetRxPackets
                0x00000000bc06d494                BootFile
                0x00000000bc06d514                NetArpWaitPacketBuf
 COMMON         0x00000000bc06db54      0x636 httpd/libhttpd.a(uip.o)
                0x00000000bc06db54                uip_conns
                0x00000000bc06dbac                uip_buf
 *fill*         0x00000000bc06e18a        0x2 00
 COMMON         0x00000000bc06e18c      0x100 drivers/libdrivers.a(rt2880_eth.o)
                0x00000000bc06e18c                console_buffer
 COMMON         0x00000000bc06e28c      0xa00 common/libcommon.a(main.o)
                0x00000000bc06e28c                console_history
 COMMON         0x00000000bc06ec8c       0x40 common/libcommon.a(cmd_bootm.o)
                0x00000000bc06ec8c                header
 COMMON         0x00000000bc06eccc       0x34 common/libcommon.a(cmd_load.o)
                0x00000000bc06eccc                os_data_header
                0x00000000bc06ecec                send_parms
 COMMON         0x00000000bc06ed00     0x1d00 drivers/libdrivers.a(ohci-hcd.o)
                0x00000000bc06ed00                gtd
                0x00000000bc070560                ohci_dev
                0x00000000bc070770                gohci
                0x00000000bc070900                ghcca
 COMMON         0x00000000bc070a00    0x30000 fs/fat/libfat.a(fat.o)
                0x00000000bc070a00                get_dentfromdir_block_buf
                0x00000000bc080a00                get_vfatname_block
                0x00000000bc090a00                do_fat_read_block_buf
                0x00000000bc0a0a00                uboot_end = .

.scommon        0x00000000bc0a0a00       0xe4
 .scommon       0x00000000bc0a0a00        0xc lib_mips/libmips.a(board.o)
                0x00000000bc0a0a00                monitor_flash_len
                0x00000000bc0a0a04                mips_bus_feq
                0x00000000bc0a0a08                mips_cpu_feq
 .scommon       0x00000000bc0a0a0c       0x44 net/libnet.a(net.o)
                0x00000000bc0a0a0c                NetArpWaitTry
                0x00000000bc0a0a10                NetArpWaitPacketMAC
                0x00000000bc0a0a14                NetOurEther
                0x00000000bc0a0a1c                NetOurIP
                0x00000000bc0a0a20                NetServerIP
                0x00000000bc0a0a24                NetArpWaitTxPacketSize
                0x00000000bc0a0a28                NetArpWaitReplyIP
                0x00000000bc0a0a2c                NetArpWaitTxPacket
                0x00000000bc0a0a30                NetArpWaitPacketIP
                0x00000000bc0a0a34                NetState
                0x00000000bc0a0a38                NetIPID
                0x00000000bc0a0a3c                NetRxPkt
                0x00000000bc0a0a40                NetRxPktLen
                0x00000000bc0a0a44                NetBootFileXferSize
                0x00000000bc0a0a48                PktBuf
                0x00000000bc0a0a4c                NetArpWaitTimerStart
 .scommon       0x00000000bc0a0a50        0x4 net/libnet.a(tftp.o)
                0x00000000bc0a0a50                TftpStarted
 .scommon       0x00000000bc0a0a54       0x30 httpd/libhttpd.a(uip.o)
                0x00000000bc0a0a54                uip_len
                0x00000000bc0a0a58                uip_sappdata
                0x00000000bc0a0a5c                uip_acc32
                0x00000000bc0a0a60                uip_flags
                0x00000000bc0a0a64                uip_appdata
                0x00000000bc0a0a68                uip_conn
                0x00000000bc0a0a6c                uip_arp_netmask
                0x00000000bc0a0a70                uip_listenports
                0x00000000bc0a0a72                uip_surglen
                0x00000000bc0a0a74                uip_urgdata
                0x00000000bc0a0a78                uip_hostaddr
                0x00000000bc0a0a7c                uip_arp_draddr
                0x00000000bc0a0a80                uip_urglen
                0x00000000bc0a0a82                uip_slen
 .scommon       0x00000000bc0a0a84        0x4 httpd/libhttpd.a(httpd.o)
                0x00000000bc0a0a84                hs
 .scommon       0x00000000bc0a0a88       0x18 drivers/libdrivers.a(rt2880_eth.o)
                0x00000000bc0a0a88                rt2880_free_buf_list
                0x00000000bc0a0a90                PKT_HEADER_Buf
                0x00000000bc0a0a94                rt2880_pdev
                0x00000000bc0a0a98                rt2880_busing_buf_list
 .scommon       0x00000000bc0a0aa0       0x1c common/libcommon.a(cmd_load.o)
                0x00000000bc0a0aa0                his_pad_char
                0x00000000bc0a0aa4                os_data_count
                0x00000000bc0a0aa8                os_data_init
                0x00000000bc0a0aac                send_ptr
                0x00000000bc0a0ab0                os_data_char
                0x00000000bc0a0ab4                his_eol
                0x00000000bc0a0ab5                his_quote
                0x00000000bc0a0ab8                his_pad_count
 .scommon       0x00000000bc0a0abc       0x10 common/libcommon.a(cmd_mem.o)
                0x00000000bc0a0abc                dp_last_size
                0x00000000bc0a0ac0                dp_last_addr
                0x00000000bc0a0ac4                mm_last_size
                0x00000000bc0a0ac8                mm_last_addr
 .scommon       0x00000000bc0a0acc        0x4 common/libcommon.a(env_spi.o)
                0x00000000bc0a0acc                env_ptr
 .scommon       0x00000000bc0a0ad0        0x4 lib_generic/libgeneric.a(string.o)
                0x00000000bc0a0ad0                ___strtok
 .scommon       0x00000000bc0a0ad4       0x10 drivers/libdrivers.a(ohci-hcd.o)
                0x00000000bc0a0ad4                ohci_dev_dma
                0x00000000bc0a0ad8                devgone
                0x00000000bc0a0adc                ptd_dma
                0x00000000bc0a0ae0                phcca

.rel.dyn        0x00000000bc0a0ae4        0x0
Address of section .text set to 0xbc000000
LOAD cpu/ralink_soc/start.o
START GROUP
LOAD lib_generic/libgeneric.a
LOAD board/rt2880/librt2880.a
LOAD cpu/ralink_soc/libralink_soc.a
LOAD lib_mips/libmips.a
LOAD net/libnet.a
LOAD httpd/libhttpd.a
LOAD drivers/libdrivers.a
LOAD fs/fat/libfat.a
LOAD disk/libdisk.a
LOAD common/libcommon.a
END GROUP
OUTPUT(u-boot elf32-tradlittlemips)

.pdr            0x0000000000000000     0x2fc0
 .pdr           0x0000000000000000       0x40 cpu/ralink_soc/start.o
 .pdr           0x0000000000000040      0x200 lib_mips/libmips.a(board.o)
 .pdr           0x0000000000000240       0xa0 lib_mips/libmips.a(time.o)
 .pdr           0x00000000000002e0      0x300 net/libnet.a(net.o)
 .pdr           0x00000000000005e0       0x80 net/libnet.a(tftp.o)
 .pdr           0x0000000000000660      0x100 net/libnet.a(eth.o)
 .pdr           0x0000000000000760       0x80 net/libnet.a(httpd.o)
 .pdr           0x00000000000007e0       0xa0 httpd/libhttpd.a(uip.o)
 .pdr           0x0000000000000880       0x80 httpd/libhttpd.a(uip_arch.o)
 .pdr           0x0000000000000900       0xc0 httpd/libhttpd.a(uip_arp.o)
 .pdr           0x00000000000009c0       0xa0 httpd/libhttpd.a(httpd.o)
 .pdr           0x0000000000000a60       0x40 httpd/libhttpd.a(fs.o)
 .pdr           0x0000000000000aa0      0x200 drivers/libdrivers.a(rt2880_eth.o)
 .pdr           0x0000000000000ca0       0xa0 drivers/libdrivers.a(mii_mgr.o)
 .pdr           0x0000000000000d40      0x280 drivers/libdrivers.a(spi_rt6855A_flash.o)
 .pdr           0x0000000000000fc0       0x40 common/libcommon.a(main.o)
 .pdr           0x0000000000001000       0x20 common/libcommon.a(cmd_boot.o)
 .pdr           0x0000000000001020       0x40 common/libcommon.a(cmd_bootm.o)
 .pdr           0x0000000000001060      0x1c0 common/libcommon.a(cmd_load.o)
 .pdr           0x0000000000001220       0x20 common/libcommon.a(cmd_net.o)
 .pdr           0x0000000000001240      0x100 common/libcommon.a(cmd_mem.o)
 .pdr           0x0000000000001340       0xe0 common/libcommon.a(cmd_nvedit.o)
 .pdr           0x0000000000001420       0x60 common/libcommon.a(command.o)
 .pdr           0x0000000000001480      0x2a0 common/libcommon.a(console.o)
 .pdr           0x0000000000001720       0x60 common/libcommon.a(devices.o)
 .pdr           0x0000000000001780      0x200 common/libcommon.a(dlmalloc.o)
 .pdr           0x0000000000001980       0xa0 common/libcommon.a(env_common.o)
 .pdr           0x0000000000001a20       0x60 common/libcommon.a(exports.o)
 .pdr           0x0000000000001a80      0x140 common/libcommon.a(lists.o)
 .pdr           0x0000000000001bc0      0x180 common/libcommon.a(cmd_usb.o)
 .pdr           0x0000000000001d40       0x80 common/libcommon.a(cmd_fat.o)
 .pdr           0x0000000000001dc0       0xa0 common/libcommon.a(env_spi.o)
 .pdr           0x0000000000001e60      0x4a0 common/libcommon.a(usb.o)
 .pdr           0x0000000000002300      0x220 common/libcommon.a(usb_storage.o)
 .pdr           0x0000000000002520       0x20 lib_generic/libgeneric.a(crc32.o)
 .pdr           0x0000000000002540       0x40 lib_generic/libgeneric.a(display_options.o)
 .pdr           0x0000000000002580      0x120 lib_generic/libgeneric.a(string.o)
 .pdr           0x00000000000026a0       0xe0 lib_generic/libgeneric.a(vsprintf.o)
 .pdr           0x0000000000002780      0x160 lib_generic/libgeneric.a(LzmaDecode.o)
 .pdr           0x00000000000028e0       0x60 board/rt2880/librt2880.a(rt2880.o)
 .pdr           0x0000000000002940       0xc0 board/rt2880/librt2880.a(serial.o)
 .pdr           0x0000000000002a00       0x80 cpu/ralink_soc/libralink_soc.a(cpu.o)
 .pdr           0x0000000000002a80       0x40 lib_mips/libmips.a(mips_linux.o)
 .pdr           0x0000000000002ac0      0x200 drivers/libdrivers.a(ohci-hcd.o)
 .pdr           0x0000000000002cc0      0x1e0 fs/fat/libfat.a(fat.o)
 .pdr           0x0000000000002ea0       0x80 disk/libdisk.a(part.o)
 .pdr           0x0000000000002f20       0xa0 disk/libdisk.a(part_dos.o)

.stab           0x0000000000000000     0x1f80
 .stab          0x0000000000000000     0x1f80 cpu/ralink_soc/start.o

.stabstr        0x0000000000000000       0x85
 .stabstr       0x0000000000000000       0x85 cpu/ralink_soc/start.o

.mdebug.abi32   0x0000000000000000        0x0

.debug_abbrev   0x0000000000000000      0x2e2
 .debug_abbrev  0x0000000000000000      0x2e2 lib_mips/libmips.a(board.o)

.debug_info     0x0000000000000000      0xe64
 .debug_info    0x0000000000000000      0xe64 lib_mips/libmips.a(board.o)

.debug_line     0x0000000000000000      0x636
 .debug_line    0x0000000000000000      0x636 lib_mips/libmips.a(board.o)

.debug_frame    0x0000000000000000     0x2d44
 .debug_frame   0x0000000000000000      0x1b8 lib_mips/libmips.a(board.o)
 .debug_frame   0x00000000000001b8       0x88 lib_mips/libmips.a(time.o)
 .debug_frame   0x0000000000000240      0x298 net/libnet.a(net.o)
 .debug_frame   0x00000000000004d8       0x90 net/libnet.a(tftp.o)
 .debug_frame   0x0000000000000568       0xd8 net/libnet.a(eth.o)
 .debug_frame   0x0000000000000640       0x80 net/libnet.a(httpd.o)
 .debug_frame   0x00000000000006c0       0x88 httpd/libhttpd.a(uip.o)
 .debug_frame   0x0000000000000748       0x68 httpd/libhttpd.a(uip_arch.o)
 .debug_frame   0x00000000000007b0       0xc8 httpd/libhttpd.a(uip_arp.o)
 .debug_frame   0x0000000000000878       0xa8 httpd/libhttpd.a(httpd.o)
 .debug_frame   0x0000000000000920       0x30 httpd/libhttpd.a(fs.o)
 .debug_frame   0x0000000000000950      0x200 drivers/libdrivers.a(rt2880_eth.o)
 .debug_frame   0x0000000000000b50       0xa8 drivers/libdrivers.a(mii_mgr.o)
 .debug_frame   0x0000000000000bf8      0x2ac drivers/libdrivers.a(spi_rt6855A_flash.o)
 .debug_frame   0x0000000000000ea4       0x60 common/libcommon.a(main.o)
 .debug_frame   0x0000000000000f04       0x30 common/libcommon.a(cmd_boot.o)
 .debug_frame   0x0000000000000f34       0x64 common/libcommon.a(cmd_bootm.o)
 .debug_frame   0x0000000000000f98      0x174 common/libcommon.a(cmd_load.o)
 .debug_frame   0x000000000000110c       0x38 common/libcommon.a(cmd_net.o)
 .debug_frame   0x0000000000001144      0x124 common/libcommon.a(cmd_mem.o)
 .debug_frame   0x0000000000001268      0x104 common/libcommon.a(cmd_nvedit.o)
 .debug_frame   0x000000000000136c       0x84 common/libcommon.a(command.o)
 .debug_frame   0x00000000000013f0      0x1cc common/libcommon.a(console.o)
 .debug_frame   0x00000000000015bc       0x58 common/libcommon.a(devices.o)
 .debug_frame   0x0000000000001614      0x194 common/libcommon.a(dlmalloc.o)
 .debug_frame   0x00000000000017a8       0x80 common/libcommon.a(env_common.o)
 .debug_frame   0x0000000000001828       0x48 common/libcommon.a(exports.o)
 .debug_frame   0x0000000000001870      0x104 common/libcommon.a(lists.o)
 .debug_frame   0x0000000000001974      0x1a4 common/libcommon.a(cmd_usb.o)
 .debug_frame   0x0000000000001b18       0x94 common/libcommon.a(cmd_fat.o)
 .debug_frame   0x0000000000001bac       0x88 common/libcommon.a(env_spi.o)
 .debug_frame   0x0000000000001c34      0x478 common/libcommon.a(usb.o)
 .debug_frame   0x00000000000020ac      0x25c common/libcommon.a(usb_storage.o)
 .debug_frame   0x0000000000002308       0x20 lib_generic/libgeneric.a(crc32.o)
 .debug_frame   0x0000000000002328       0x48 lib_generic/libgeneric.a(display_options.o)
 .debug_frame   0x0000000000002370       0xc4 lib_generic/libgeneric.a(string.o)
 .debug_frame   0x0000000000002434       0xb8 lib_generic/libgeneric.a(vsprintf.o)
 .debug_frame   0x00000000000024ec      0x1ac lib_generic/libgeneric.a(LzmaDecode.o)
 .debug_frame   0x0000000000002698       0x54 board/rt2880/librt2880.a(rt2880.o)
 .debug_frame   0x00000000000026ec       0x84 board/rt2880/librt2880.a(serial.o)
 .debug_frame   0x0000000000002770       0x50 cpu/ralink_soc/libralink_soc.a(cpu.o)
 .debug_frame   0x00000000000027c0       0x68 lib_mips/libmips.a(mips_linux.o)
 .debug_frame   0x0000000000002828      0x208 drivers/libdrivers.a(ohci-hcd.o)
 .debug_frame   0x0000000000002a30      0x1e8 fs/fat/libfat.a(fat.o)
 .debug_frame   0x0000000000002c18       0x7c disk/libdisk.a(part.o)
 .debug_frame   0x0000000000002c94       0xb0 disk/libdisk.a(part_dos.o)

.debug_pubnames
                0x0000000000000000     0x224c
 .debug_pubnames
                0x0000000000000000      0x17d lib_mips/libmips.a(board.o)
 .debug_pubnames
                0x000000000000017d       0x45 lib_mips/libmips.a(time.o)
 .debug_pubnames
                0x00000000000001c2      0x43b net/libnet.a(net.o)
 .debug_pubnames
                0x00000000000005fd       0x3d net/libnet.a(tftp.o)
 .debug_pubnames
                0x000000000000063a       0x93 net/libnet.a(eth.o)
 .debug_pubnames
                0x00000000000006cd       0x5b net/libnet.a(httpd.o)
 .debug_pubnames
                0x0000000000000728      0x147 httpd/libhttpd.a(uip.o)
 .debug_pubnames
                0x000000000000086f       0x52 httpd/libhttpd.a(uip_arch.o)
 .debug_pubnames
                0x00000000000008c1       0x78 httpd/libhttpd.a(uip_arp.o)
 .debug_pubnames
                0x0000000000000939       0x3a httpd/libhttpd.a(httpd.o)
 .debug_pubnames
                0x0000000000000973       0x9d httpd/libhttpd.a(fs.o)
 .debug_pubnames
                0x0000000000000a10      0x14f drivers/libdrivers.a(rt2880_eth.o)
 .debug_pubnames
                0x0000000000000b5f       0x83 drivers/libdrivers.a(mii_mgr.o)
 .debug_pubnames
                0x0000000000000be2      0x118 drivers/libdrivers.a(spi_rt6855A_flash.o)
 .debug_pubnames
                0x0000000000000cfa       0x44 common/libcommon.a(main.o)
 .debug_pubnames
                0x0000000000000d3e       0x47 common/libcommon.a(cmd_boot.o)
 .debug_pubnames
                0x0000000000000d85       0x63 common/libcommon.a(cmd_bootm.o)
 .debug_pubnames
                0x0000000000000de8      0x188 common/libcommon.a(cmd_load.o)
 .debug_pubnames
                0x0000000000000f70       0x39 common/libcommon.a(cmd_net.o)
 .debug_pubnames
                0x0000000000000fa9      0x12b common/libcommon.a(cmd_mem.o)
 .debug_pubnames
                0x00000000000010d4       0xaf common/libcommon.a(cmd_nvedit.o)
 .debug_pubnames
                0x0000000000001183       0x88 common/libcommon.a(command.o)
 .debug_pubnames
                0x000000000000120b      0x10e common/libcommon.a(console.o)
 .debug_pubnames
                0x0000000000001319       0x76 common/libcommon.a(devices.o)
 .debug_pubnames
                0x000000000000138f       0xb3 common/libcommon.a(dlmalloc.o)
 .debug_pubnames
                0x0000000000001442       0x88 common/libcommon.a(env_common.o)
 .debug_pubnames
                0x00000000000014ca       0x35 common/libcommon.a(exports.o)
 .debug_pubnames
                0x00000000000014ff       0xc2 common/libcommon.a(lists.o)
 .debug_pubnames
                0x00000000000015c1      0x158 common/libcommon.a(cmd_usb.o)
 .debug_pubnames
                0x0000000000001719       0x99 common/libcommon.a(cmd_fat.o)
 .debug_pubnames
                0x00000000000017b2       0x86 common/libcommon.a(env_spi.o)
 .debug_pubnames
                0x0000000000001838      0x292 common/libcommon.a(usb.o)
 .debug_pubnames
                0x0000000000001aca      0x120 common/libcommon.a(usb_storage.o)
 .debug_pubnames
                0x0000000000001bea       0x1c lib_generic/libgeneric.a(crc32.o)
 .debug_pubnames
                0x0000000000001c06       0x1d lib_generic/libgeneric.a(ctype.o)
 .debug_pubnames
                0x0000000000001c23       0x35 lib_generic/libgeneric.a(display_options.o)
 .debug_pubnames
                0x0000000000001c58       0x86 lib_generic/libgeneric.a(string.o)
 .debug_pubnames
                0x0000000000001cde       0x5a lib_generic/libgeneric.a(vsprintf.o)
 .debug_pubnames
                0x0000000000001d38      0x12d lib_generic/libgeneric.a(LzmaDecode.o)
 .debug_pubnames
                0x0000000000001e65       0x3f board/rt2880/librt2880.a(rt2880.o)
 .debug_pubnames
                0x0000000000001ea4       0x74 board/rt2880/librt2880.a(serial.o)
 .debug_pubnames
                0x0000000000001f18       0x62 cpu/ralink_soc/libralink_soc.a(cpu.o)
 .debug_pubnames
                0x0000000000001f7a       0x25 lib_mips/libmips.a(mips_linux.o)
 .debug_pubnames
                0x0000000000001f9f      0x146 drivers/libdrivers.a(ohci-hcd.o)
 .debug_pubnames
                0x00000000000020e5       0xc1 fs/fat/libfat.a(fat.o)
 .debug_pubnames
                0x00000000000021a6       0x54 disk/libdisk.a(part.o)
 .debug_pubnames
                0x00000000000021fa       0x52 disk/libdisk.a(part_dos.o)

.debug_aranges  0x0000000000000000       0x20
 .debug_aranges
                0x0000000000000000       0x20 lib_mips/libmips.a(board.o)

.debug_ranges   0x0000000000000000      0xa80
 .debug_ranges  0x0000000000000000       0x78 lib_mips/libmips.a(board.o)
 .debug_ranges  0x0000000000000078       0x60 net/libnet.a(net.o)
 .debug_ranges  0x00000000000000d8       0x18 net/libnet.a(tftp.o)
 .debug_ranges  0x00000000000000f0       0x30 net/libnet.a(eth.o)
 .debug_ranges  0x0000000000000120       0x18 httpd/libhttpd.a(httpd.o)
 .debug_ranges  0x0000000000000138       0x20 drivers/libdrivers.a(rt2880_eth.o)
 .debug_ranges  0x0000000000000158      0x1a0 drivers/libdrivers.a(spi_rt6855A_flash.o)
 .debug_ranges  0x00000000000002f8       0x30 common/libcommon.a(main.o)
 .debug_ranges  0x0000000000000328       0x18 common/libcommon.a(cmd_bootm.o)
 .debug_ranges  0x0000000000000340       0x28 common/libcommon.a(cmd_load.o)
 .debug_ranges  0x0000000000000368       0x18 common/libcommon.a(cmd_net.o)
 .debug_ranges  0x0000000000000380       0x18 common/libcommon.a(cmd_mem.o)
 .debug_ranges  0x0000000000000398       0xf0 common/libcommon.a(cmd_nvedit.o)
 .debug_ranges  0x0000000000000488       0x38 common/libcommon.a(command.o)
 .debug_ranges  0x00000000000004c0       0x38 common/libcommon.a(console.o)
 .debug_ranges  0x00000000000004f8       0x50 common/libcommon.a(dlmalloc.o)
 .debug_ranges  0x0000000000000548       0xf0 common/libcommon.a(cmd_usb.o)
 .debug_ranges  0x0000000000000638       0x18 common/libcommon.a(cmd_fat.o)
 .debug_ranges  0x0000000000000650       0x50 common/libcommon.a(usb.o)
 .debug_ranges  0x00000000000006a0       0x90 common/libcommon.a(usb_storage.o)
 .debug_ranges  0x0000000000000730       0x20 lib_generic/libgeneric.a(vsprintf.o)
 .debug_ranges  0x0000000000000750       0x78 lib_generic/libgeneric.a(LzmaDecode.o)
 .debug_ranges  0x00000000000007c8       0x48 lib_mips/libmips.a(mips_linux.o)
 .debug_ranges  0x0000000000000810      0x1d0 drivers/libdrivers.a(ohci-hcd.o)
 .debug_ranges  0x00000000000009e0       0x80 fs/fat/libfat.a(fat.o)
 .debug_ranges  0x0000000000000a60       0x20 disk/libdisk.a(part_dos.o)

.debug_str      0x0000000000000000     0x4e5b
 .debug_str     0x0000000000000000      0x5b8 lib_mips/libmips.a(board.o)
                                        0x66d (size before relaxing)
 .debug_str     0x00000000000005b8       0x63 lib_mips/libmips.a(time.o)
                                        0x159 (size before relaxing)
 .debug_str     0x000000000000061b      0x66c net/libnet.a(net.o)
                                        0x87b (size before relaxing)
 .debug_str     0x0000000000000c87       0xea net/libnet.a(tftp.o)
                                        0x2b0 (size before relaxing)
 .debug_str     0x0000000000000d71       0xcb net/libnet.a(eth.o)
                                        0x2b9 (size before relaxing)
 .debug_str     0x0000000000000e3c       0xa0 net/libnet.a(httpd.o)
                                        0x1bb (size before relaxing)
 .debug_str     0x0000000000000edc      0x18f httpd/libhttpd.a(uip.o)
                                        0x2f1 (size before relaxing)
 .debug_str     0x000000000000106b       0x4a httpd/libhttpd.a(uip_arch.o)
                                        0x15f (size before relaxing)
 .debug_str     0x00000000000010b5       0x85 httpd/libhttpd.a(uip_arp.o)
                                        0x1e0 (size before relaxing)
 .debug_str     0x000000000000113a      0x14d httpd/libhttpd.a(httpd.o)
                                        0x354 (size before relaxing)
 .debug_str     0x0000000000001287       0xb3 httpd/libhttpd.a(fs.o)
                                        0x1fb (size before relaxing)
 .debug_str     0x000000000000133a      0x505 drivers/libdrivers.a(rt2880_eth.o)
                                        0x765 (size before relaxing)
 .debug_str     0x000000000000183f       0xb2 drivers/libdrivers.a(mii_mgr.o)
                                        0x1f7 (size before relaxing)
 .debug_str     0x00000000000018f1      0x2fd drivers/libdrivers.a(spi_rt6855A_flash.o)
                                        0x4dd (size before relaxing)
 .debug_str     0x0000000000001bee      0x134 common/libcommon.a(main.o)
                                        0x25f (size before relaxing)
 .debug_str     0x0000000000001d22       0x34 common/libcommon.a(cmd_boot.o)
                                        0x161 (size before relaxing)
 .debug_str     0x0000000000001d56       0xf6 common/libcommon.a(cmd_bootm.o)
                                        0x26b (size before relaxing)
 .debug_str     0x0000000000001e4c      0x24b common/libcommon.a(cmd_load.o)
                                        0x4c8 (size before relaxing)
 .debug_str     0x0000000000002097       0x56 common/libcommon.a(cmd_net.o)
                                        0x235 (size before relaxing)
 .debug_str     0x00000000000020ed      0x14a common/libcommon.a(cmd_mem.o)
                                        0x2b6 (size before relaxing)
 .debug_str     0x0000000000002237       0xbb common/libcommon.a(cmd_nvedit.o)
                                        0x331 (size before relaxing)
 .debug_str     0x00000000000022f2       0x95 common/libcommon.a(command.o)
                                        0x228 (size before relaxing)
 .debug_str     0x0000000000002387      0x18a common/libcommon.a(console.o)
                                        0x3be (size before relaxing)
 .debug_str     0x0000000000002511       0x56 common/libcommon.a(devices.o)
                                        0x2e5 (size before relaxing)
 .debug_str     0x0000000000002567      0x2eb common/libcommon.a(dlmalloc.o)
                                        0x51b (size before relaxing)
 .debug_str     0x0000000000002852       0x8c common/libcommon.a(env_common.o)
                                        0x25c (size before relaxing)
 .debug_str     0x00000000000028de       0x2b common/libcommon.a(exports.o)
                                        0x1dd (size before relaxing)
 .debug_str     0x0000000000002909      0x149 common/libcommon.a(lists.o)
                                        0x298 (size before relaxing)
 .debug_str     0x0000000000002a52      0x575 common/libcommon.a(cmd_usb.o)
                                        0x856 (size before relaxing)
 .debug_str     0x0000000000002fc7       0x7f common/libcommon.a(cmd_fat.o)
                                        0x291 (size before relaxing)
 .debug_str     0x0000000000003046       0x6e common/libcommon.a(env_spi.o)
                                        0x28c (size before relaxing)
 .debug_str     0x00000000000030b4      0x52a common/libcommon.a(usb.o)
                                        0xb08 (size before relaxing)
 .debug_str     0x00000000000035de      0x44d common/libcommon.a(usb_storage.o)
                                        0xa7d (size before relaxing)
 .debug_str     0x0000000000003a2b       0x81 lib_generic/libgeneric.a(crc32.o)
                                        0x12e (size before relaxing)
 .debug_str     0x0000000000003aac        0x8 lib_generic/libgeneric.a(ctype.o)
                                         0x76 (size before relaxing)
 .debug_str     0x0000000000003ab4       0x2d lib_generic/libgeneric.a(display_options.o)
                                        0x11c (size before relaxing)
 .debug_str     0x0000000000003ae1       0x55 lib_generic/libgeneric.a(string.o)
                                        0x153 (size before relaxing)
 .debug_str     0x0000000000003b36       0x6f lib_generic/libgeneric.a(vsprintf.o)
                                        0x1a8 (size before relaxing)
 .debug_str     0x0000000000003ba5      0x28a lib_generic/libgeneric.a(LzmaDecode.o)
                                        0x396 (size before relaxing)
 .debug_str     0x0000000000003e2f       0x7c board/rt2880/librt2880.a(rt2880.o)
                                        0x142 (size before relaxing)
 .debug_str     0x0000000000003eab       0x61 board/rt2880/librt2880.a(serial.o)
                                        0x137 (size before relaxing)
 .debug_str     0x0000000000003f0c       0xcc cpu/ralink_soc/libralink_soc.a(cpu.o)
                                        0x1d1 (size before relaxing)
 .debug_str     0x0000000000003fd8       0xc7 lib_mips/libmips.a(mips_linux.o)
                                        0x3cc (size before relaxing)
 .debug_str     0x000000000000409f      0x6d6 drivers/libdrivers.a(ohci-hcd.o)
                                        0xcc5 (size before relaxing)
 .debug_str     0x0000000000004775      0x505 fs/fat/libfat.a(fat.o)
                                        0x754 (size before relaxing)
 .debug_str     0x0000000000004c7a       0xa6 disk/libdisk.a(part.o)
                                        0x207 (size before relaxing)
 .debug_str     0x0000000000004d20      0x13b disk/libdisk.a(part_dos.o)
                                        0x40c (size before relaxing)

.comment        0x0000000000000000      0x34e
 .comment       0x0000000000000000       0x12 lib_mips/libmips.a(board.o)
 .comment       0x0000000000000012       0x12 lib_mips/libmips.a(time.o)
 .comment       0x0000000000000024       0x12 net/libnet.a(net.o)
 .comment       0x0000000000000036       0x12 net/libnet.a(tftp.o)
 .comment       0x0000000000000048       0x12 net/libnet.a(eth.o)
 .comment       0x000000000000005a       0x12 net/libnet.a(httpd.o)
 .comment       0x000000000000006c       0x12 httpd/libhttpd.a(uip.o)
 .comment       0x000000000000007e       0x12 httpd/libhttpd.a(uip_arch.o)
 .comment       0x0000000000000090       0x12 httpd/libhttpd.a(uip_arp.o)
 .comment       0x00000000000000a2       0x12 httpd/libhttpd.a(httpd.o)
 .comment       0x00000000000000b4       0x12 httpd/libhttpd.a(fs.o)
 .comment       0x00000000000000c6       0x12 drivers/libdrivers.a(rt2880_eth.o)
 .comment       0x00000000000000d8       0x12 drivers/libdrivers.a(mii_mgr.o)
 .comment       0x00000000000000ea       0x12 drivers/libdrivers.a(spi_rt6855A_flash.o)
 .comment       0x00000000000000fc       0x12 common/libcommon.a(main.o)
 .comment       0x000000000000010e       0x12 common/libcommon.a(cmd_boot.o)
 .comment       0x0000000000000120       0x12 common/libcommon.a(cmd_bootm.o)
 .comment       0x0000000000000132       0x12 common/libcommon.a(cmd_load.o)
 .comment       0x0000000000000144       0x12 common/libcommon.a(cmd_net.o)
 .comment       0x0000000000000156       0x12 common/libcommon.a(cmd_mem.o)
 .comment       0x0000000000000168       0x12 common/libcommon.a(cmd_nvedit.o)
 .comment       0x000000000000017a       0x12 common/libcommon.a(command.o)
 .comment       0x000000000000018c       0x12 common/libcommon.a(console.o)
 .comment       0x000000000000019e       0x12 common/libcommon.a(devices.o)
 .comment       0x00000000000001b0       0x12 common/libcommon.a(dlmalloc.o)
 .comment       0x00000000000001c2       0x12 common/libcommon.a(env_common.o)
 .comment       0x00000000000001d4       0x12 common/libcommon.a(exports.o)
 .comment       0x00000000000001e6       0x12 common/libcommon.a(lists.o)
 .comment       0x00000000000001f8       0x12 common/libcommon.a(cmd_usb.o)
 .comment       0x000000000000020a       0x12 common/libcommon.a(cmd_fat.o)
 .comment       0x000000000000021c       0x12 common/libcommon.a(env_spi.o)
 .comment       0x000000000000022e       0x12 common/libcommon.a(usb.o)
 .comment       0x0000000000000240       0x12 common/libcommon.a(usb_storage.o)
 .comment       0x0000000000000252       0x12 lib_generic/libgeneric.a(crc32.o)
 .comment       0x0000000000000264       0x12 lib_generic/libgeneric.a(ctype.o)
 .comment       0x0000000000000276       0x12 lib_generic/libgeneric.a(display_options.o)
 .comment       0x0000000000000288       0x12 lib_generic/libgeneric.a(string.o)
 .comment       0x000000000000029a       0x12 lib_generic/libgeneric.a(vsprintf.o)
 .comment       0x00000000000002ac       0x12 lib_generic/libgeneric.a(LzmaDecode.o)
 .comment       0x00000000000002be       0x12 board/rt2880/librt2880.a(rt2880.o)
 .comment       0x00000000000002d0       0x12 board/rt2880/librt2880.a(serial.o)
 .comment       0x00000000000002e2       0x12 cpu/ralink_soc/libralink_soc.a(cpu.o)
 .comment       0x00000000000002f4       0x12 lib_mips/libmips.a(mips_linux.o)
 .comment       0x0000000000000306       0x12 drivers/libdrivers.a(ohci-hcd.o)
 .comment       0x0000000000000318       0x12 fs/fat/libfat.a(fat.o)
 .comment       0x000000000000032a       0x12 disk/libdisk.a(part.o)
 .comment       0x000000000000033c       0x12 disk/libdisk.a(part_dos.o)

.debug_abbrev.1
                0x0000000000000000      0x111
 .debug_abbrev  0x0000000000000000      0x111 lib_mips/libmips.a(time.o)

.debug_info.2   0x0000000000000000      0x1de
 .debug_info    0x0000000000000000      0x1de lib_mips/libmips.a(time.o)

.debug_line.3   0x0000000000000000       0xe6
 .debug_line    0x0000000000000000       0xe6 lib_mips/libmips.a(time.o)

.debug_aranges.4
                0x0000000000000000       0x20
 .debug_aranges
                0x0000000000000000       0x20 lib_mips/libmips.a(time.o)

.debug_abbrev.5
                0x0000000000000000      0x33d
 .debug_abbrev  0x0000000000000000      0x33d net/libnet.a(net.o)

.debug_info.6   0x0000000000000000     0x1614
 .debug_info    0x0000000000000000     0x1614 net/libnet.a(net.o)

.debug_line.7   0x0000000000000000      0x733
 .debug_line    0x0000000000000000      0x733 net/libnet.a(net.o)

.debug_aranges.8
                0x0000000000000000       0x20
 .debug_aranges
                0x0000000000000000       0x20 net/libnet.a(net.o)

.debug_abbrev.9
                0x0000000000000000      0x200
 .debug_abbrev  0x0000000000000000      0x200 net/libnet.a(tftp.o)

.debug_info.10  0x0000000000000000      0x57a
 .debug_info    0x0000000000000000      0x57a net/libnet.a(tftp.o)

.debug_line.11  0x0000000000000000      0x33f
 .debug_line    0x0000000000000000      0x33f net/libnet.a(tftp.o)

.debug_aranges.12
                0x0000000000000000       0x20
 .debug_aranges
                0x0000000000000000       0x20 net/libnet.a(tftp.o)

.debug_abbrev.13
                0x0000000000000000      0x226
 .debug_abbrev  0x0000000000000000      0x226 net/libnet.a(eth.o)

.debug_info.14  0x0000000000000000      0x500
 .debug_info    0x0000000000000000      0x500 net/libnet.a(eth.o)

.debug_line.15  0x0000000000000000      0x185
 .debug_line    0x0000000000000000      0x185 net/libnet.a(eth.o)

.debug_aranges.16
                0x0000000000000000       0x20
 .debug_aranges
                0x0000000000000000       0x20 net/libnet.a(eth.o)

.debug_abbrev.17
                0x0000000000000000      0x13c
 .debug_abbrev  0x0000000000000000      0x13c net/libnet.a(httpd.o)

.debug_info.18  0x0000000000000000      0x2fa
 .debug_info    0x0000000000000000      0x2fa net/libnet.a(httpd.o)

.debug_line.19  0x0000000000000000      0x115
 .debug_line    0x0000000000000000      0x115 net/libnet.a(httpd.o)

.debug_aranges.20
                0x0000000000000000       0x20
 .debug_aranges
                0x0000000000000000       0x20 net/libnet.a(httpd.o)

.debug_abbrev.21
                0x0000000000000000      0x174
 .debug_abbrev  0x0000000000000000      0x174 httpd/libhttpd.a(uip.o)

.debug_info.22  0x0000000000000000      0x527
 .debug_info    0x0000000000000000      0x527 httpd/libhttpd.a(uip.o)

.debug_line.23  0x0000000000000000      0x35b
 .debug_line    0x0000000000000000      0x35b httpd/libhttpd.a(uip.o)

.debug_aranges.24
                0x0000000000000000       0x20
 .debug_aranges
                0x0000000000000000       0x20 httpd/libhttpd.a(uip.o)

.debug_abbrev.25
                0x0000000000000000      0x152
 .debug_abbrev  0x0000000000000000      0x152 httpd/libhttpd.a(uip_arch.o)

.debug_info.26  0x0000000000000000      0x21a
 .debug_info    0x0000000000000000      0x21a httpd/libhttpd.a(uip_arch.o)

.debug_line.27  0x0000000000000000      0x198
 .debug_line    0x0000000000000000      0x198 httpd/libhttpd.a(uip_arch.o)

.debug_aranges.28
                0x0000000000000000       0x20
 .debug_aranges
                0x0000000000000000       0x20 httpd/libhttpd.a(uip_arch.o)

.debug_abbrev.29
                0x0000000000000000      0x174
 .debug_abbrev  0x0000000000000000      0x174 httpd/libhttpd.a(uip_arp.o)

.debug_info.30  0x0000000000000000      0x2fa
 .debug_info    0x0000000000000000      0x2fa httpd/libhttpd.a(uip_arp.o)

.debug_line.31  0x0000000000000000      0x197
 .debug_line    0x0000000000000000      0x197 httpd/libhttpd.a(uip_arp.o)

.debug_aranges.32
                0x0000000000000000       0x20
 .debug_aranges
                0x0000000000000000       0x20 httpd/libhttpd.a(uip_arp.o)

.debug_abbrev.33
                0x0000000000000000      0x1ee
 .debug_abbrev  0x0000000000000000      0x1ee httpd/libhttpd.a(httpd.o)

.debug_info.34  0x0000000000000000      0x556
 .debug_info    0x0000000000000000      0x556 httpd/libhttpd.a(httpd.o)

.debug_line.35  0x0000000000000000      0x262
 .debug_line    0x0000000000000000      0x262 httpd/libhttpd.a(httpd.o)

.debug_aranges.36
                0x0000000000000000       0x20
 .debug_aranges
                0x0000000000000000       0x20 httpd/libhttpd.a(httpd.o)

.debug_abbrev.37
                0x0000000000000000      0x189
 .debug_abbrev  0x0000000000000000      0x189 httpd/libhttpd.a(fs.o)

.debug_info.38  0x0000000000000000      0x420
 .debug_info    0x0000000000000000      0x420 httpd/libhttpd.a(fs.o)

.debug_line.39  0x0000000000000000       0xd0
 .debug_line    0x0000000000000000       0xd0 httpd/libhttpd.a(fs.o)

.debug_aranges.40
                0x0000000000000000       0x20
 .debug_aranges
                0x0000000000000000       0x20 httpd/libhttpd.a(fs.o)

.debug_abbrev.41
                0x0000000000000000      0x2a2
 .debug_abbrev  0x0000000000000000      0x2a2 drivers/libdrivers.a(rt2880_eth.o)

.debug_info.42  0x0000000000000000      0xf78
 .debug_info    0x0000000000000000      0xf78 drivers/libdrivers.a(rt2880_eth.o)

.debug_line.43  0x0000000000000000      0x40d
 .debug_line    0x0000000000000000      0x40d drivers/libdrivers.a(rt2880_eth.o)

.debug_aranges.44
                0x0000000000000000       0x20
 .debug_aranges
                0x0000000000000000       0x20 drivers/libdrivers.a(rt2880_eth.o)

.debug_abbrev.45
                0x0000000000000000      0x14c
 .debug_abbrev  0x0000000000000000      0x14c drivers/libdrivers.a(mii_mgr.o)

.debug_info.46  0x0000000000000000      0x38c
 .debug_info    0x0000000000000000      0x38c drivers/libdrivers.a(mii_mgr.o)

.debug_line.47  0x0000000000000000      0x1de
 .debug_line    0x0000000000000000      0x1de drivers/libdrivers.a(mii_mgr.o)

.debug_aranges.48
                0x0000000000000000       0x20
 .debug_aranges
                0x0000000000000000       0x20 drivers/libdrivers.a(mii_mgr.o)

.debug_abbrev.49
                0x0000000000000000      0x2c3
 .debug_abbrev  0x0000000000000000      0x2c3 drivers/libdrivers.a(spi_rt6855A_flash.o)

.debug_info.50  0x0000000000000000     0x13a8
 .debug_info    0x0000000000000000     0x13a8 drivers/libdrivers.a(spi_rt6855A_flash.o)

.debug_line.51  0x0000000000000000      0x673
 .debug_line    0x0000000000000000      0x673 drivers/libdrivers.a(spi_rt6855A_flash.o)

.debug_aranges.52
                0x0000000000000000       0x20
 .debug_aranges
                0x0000000000000000       0x20 drivers/libdrivers.a(spi_rt6855A_flash.o)

.debug_abbrev.53
                0x0000000000000000      0x213
 .debug_abbrev  0x0000000000000000      0x213 common/libcommon.a(main.o)

.debug_info.54  0x0000000000000000      0x4ff
 .debug_info    0x0000000000000000      0x4ff common/libcommon.a(main.o)

.debug_line.55  0x0000000000000000      0x1c9
 .debug_line    0x0000000000000000      0x1c9 common/libcommon.a(main.o)

.debug_aranges.56
                0x0000000000000000       0x20
 .debug_aranges
                0x0000000000000000       0x20 common/libcommon.a(main.o)

.debug_abbrev.57
                0x0000000000000000       0xd9
 .debug_abbrev  0x0000000000000000       0xd9 common/libcommon.a(cmd_boot.o)

.debug_info.58  0x0000000000000000      0x1cc
 .debug_info    0x0000000000000000      0x1cc common/libcommon.a(cmd_boot.o)

.debug_line.59  0x0000000000000000       0xf2
 .debug_line    0x0000000000000000       0xf2 common/libcommon.a(cmd_boot.o)

.debug_aranges.60
                0x0000000000000000       0x20
 .debug_aranges
                0x0000000000000000       0x20 common/libcommon.a(cmd_boot.o)

.debug_abbrev.61
                0x0000000000000000      0x203
 .debug_abbrev  0x0000000000000000      0x203 common/libcommon.a(cmd_bootm.o)

.debug_info.62  0x0000000000000000      0x5b9
 .debug_info    0x0000000000000000      0x5b9 common/libcommon.a(cmd_bootm.o)

.debug_line.63  0x0000000000000000      0x308
 .debug_line    0x0000000000000000      0x308 common/libcommon.a(cmd_bootm.o)

.debug_aranges.64
                0x0000000000000000       0x20
 .debug_aranges
                0x0000000000000000       0x20 common/libcommon.a(cmd_bootm.o)

.debug_abbrev.65
                0x0000000000000000      0x241
 .debug_abbrev  0x0000000000000000      0x241 common/libcommon.a(cmd_load.o)

.debug_info.66  0x0000000000000000      0x97e
 .debug_info    0x0000000000000000      0x97e common/libcommon.a(cmd_load.o)

.debug_line.67  0x0000000000000000      0x317
 .debug_line    0x0000000000000000      0x317 common/libcommon.a(cmd_load.o)

.debug_aranges.68
                0x0000000000000000       0x20
 .debug_aranges
                0x0000000000000000       0x20 common/libcommon.a(cmd_load.o)

.debug_abbrev.69
                0x0000000000000000      0x191
 .debug_abbrev  0x0000000000000000      0x191 common/libcommon.a(cmd_net.o)

.debug_info.70  0x0000000000000000      0x3fb
 .debug_info    0x0000000000000000      0x3fb common/libcommon.a(cmd_net.o)

.debug_line.71  0x0000000000000000      0x1a4
 .debug_line    0x0000000000000000      0x1a4 common/libcommon.a(cmd_net.o)

.debug_aranges.72
                0x0000000000000000       0x20
 .debug_aranges
                0x0000000000000000       0x20 common/libcommon.a(cmd_net.o)

.debug_abbrev.73
                0x0000000000000000      0x20e
 .debug_abbrev  0x0000000000000000      0x20e common/libcommon.a(cmd_mem.o)

.debug_info.74  0x0000000000000000      0x748
 .debug_info    0x0000000000000000      0x748 common/libcommon.a(cmd_mem.o)

.debug_line.75  0x0000000000000000      0x279
 .debug_line    0x0000000000000000      0x279 common/libcommon.a(cmd_mem.o)

.debug_aranges.76
                0x0000000000000000       0x20
 .debug_aranges
                0x0000000000000000       0x20 common/libcommon.a(cmd_mem.o)

.debug_abbrev.77
                0x0000000000000000      0x252
 .debug_abbrev  0x0000000000000000      0x252 common/libcommon.a(cmd_nvedit.o)

.debug_info.78  0x0000000000000000      0x964
 .debug_info    0x0000000000000000      0x964 common/libcommon.a(cmd_nvedit.o)

.debug_line.79  0x0000000000000000      0x376
 .debug_line    0x0000000000000000      0x376 common/libcommon.a(cmd_nvedit.o)

.debug_aranges.80
                0x0000000000000000       0x20
 .debug_aranges
                0x0000000000000000       0x20 common/libcommon.a(cmd_nvedit.o)

.debug_abbrev.81
                0x0000000000000000      0x1f2
 .debug_abbrev  0x0000000000000000      0x1f2 common/libcommon.a(command.o)

.debug_info.82  0x0000000000000000      0x44d
 .debug_info    0x0000000000000000      0x44d common/libcommon.a(command.o)

.debug_line.83  0x0000000000000000      0x1bd
 .debug_line    0x0000000000000000      0x1bd common/libcommon.a(command.o)

.debug_aranges.84
                0x0000000000000000       0x20
 .debug_aranges
                0x0000000000000000       0x20 common/libcommon.a(command.o)

.debug_abbrev.85
                0x0000000000000000      0x27b
 .debug_abbrev  0x0000000000000000      0x27b common/libcommon.a(console.o)

.debug_info.86  0x0000000000000000      0x94a
 .debug_info    0x0000000000000000      0x94a common/libcommon.a(console.o)

.debug_line.87  0x0000000000000000      0x2a4
 .debug_line    0x0000000000000000      0x2a4 common/libcommon.a(console.o)

.debug_aranges.88
                0x0000000000000000       0x20
 .debug_aranges
                0x0000000000000000       0x20 common/libcommon.a(console.o)

.debug_abbrev.89
                0x0000000000000000      0x1a8
 .debug_abbrev  0x0000000000000000      0x1a8 common/libcommon.a(devices.o)

.debug_info.90  0x0000000000000000      0x4f5
 .debug_info    0x0000000000000000      0x4f5 common/libcommon.a(devices.o)

.debug_line.91  0x0000000000000000      0x173
 .debug_line    0x0000000000000000      0x173 common/libcommon.a(devices.o)

.debug_aranges.92
                0x0000000000000000       0x20
 .debug_aranges
                0x0000000000000000       0x20 common/libcommon.a(devices.o)

.debug_abbrev.93
                0x0000000000000000      0x1de
 .debug_abbrev  0x0000000000000000      0x1de common/libcommon.a(dlmalloc.o)

.debug_info.94  0x0000000000000000      0xc2c
 .debug_info    0x0000000000000000      0xc2c common/libcommon.a(dlmalloc.o)

.debug_line.95  0x0000000000000000      0x3cd
 .debug_line    0x0000000000000000      0x3cd common/libcommon.a(dlmalloc.o)

.debug_aranges.96
                0x0000000000000000       0x20
 .debug_aranges
                0x0000000000000000       0x20 common/libcommon.a(dlmalloc.o)

.debug_abbrev.97
                0x0000000000000000      0x15f
 .debug_abbrev  0x0000000000000000      0x15f common/libcommon.a(env_common.o)

.debug_info.98  0x0000000000000000      0x383
 .debug_info    0x0000000000000000      0x383 common/libcommon.a(env_common.o)

.debug_line.99  0x0000000000000000      0x129
 .debug_line    0x0000000000000000      0x129 common/libcommon.a(env_common.o)

.debug_aranges.100
                0x0000000000000000       0x20
 .debug_aranges
                0x0000000000000000       0x20 common/libcommon.a(env_common.o)

.debug_abbrev.101
                0x0000000000000000       0xe6
 .debug_abbrev  0x0000000000000000       0xe6 common/libcommon.a(exports.o)

.debug_info.102
                0x0000000000000000      0x23f
 .debug_info    0x0000000000000000      0x23f common/libcommon.a(exports.o)

.debug_line.103
                0x0000000000000000       0xa9
 .debug_line    0x0000000000000000       0xa9 common/libcommon.a(exports.o)

.debug_aranges.104
                0x0000000000000000       0x20
 .debug_aranges
                0x0000000000000000       0x20 common/libcommon.a(exports.o)

.debug_abbrev.105
                0x0000000000000000      0x183
 .debug_abbrev  0x0000000000000000      0x183 common/libcommon.a(lists.o)

.debug_info.106
                0x0000000000000000      0x421
 .debug_info    0x0000000000000000      0x421 common/libcommon.a(lists.o)

.debug_line.107
                0x0000000000000000      0x111
 .debug_line    0x0000000000000000      0x111 common/libcommon.a(lists.o)

.debug_aranges.108
                0x0000000000000000       0x20
 .debug_aranges
                0x0000000000000000       0x20 common/libcommon.a(lists.o)

.debug_abbrev.109
                0x0000000000000000      0x2b2
 .debug_abbrev  0x0000000000000000      0x2b2 common/libcommon.a(cmd_usb.o)

.debug_info.110
                0x0000000000000000     0x1394
 .debug_info    0x0000000000000000     0x1394 common/libcommon.a(cmd_usb.o)

.debug_line.111
                0x0000000000000000      0x56a
 .debug_line    0x0000000000000000      0x56a common/libcommon.a(cmd_usb.o)

.debug_aranges.112
                0x0000000000000000       0x20
 .debug_aranges
                0x0000000000000000       0x20 common/libcommon.a(cmd_usb.o)

.debug_abbrev.113
                0x0000000000000000      0x172
 .debug_abbrev  0x0000000000000000      0x172 common/libcommon.a(cmd_fat.o)

.debug_info.114
                0x0000000000000000      0x58a
 .debug_info    0x0000000000000000      0x58a common/libcommon.a(cmd_fat.o)

.debug_line.115
                0x0000000000000000      0x1d8
 .debug_line    0x0000000000000000      0x1d8 common/libcommon.a(cmd_fat.o)

.debug_aranges.116
                0x0000000000000000       0x20
 .debug_aranges
                0x0000000000000000       0x20 common/libcommon.a(cmd_fat.o)

.debug_abbrev.117
                0x0000000000000000      0x131
 .debug_abbrev  0x0000000000000000      0x131 common/libcommon.a(env_spi.o)

.debug_info.118
                0x0000000000000000      0x3b2
 .debug_info    0x0000000000000000      0x3b2 common/libcommon.a(env_spi.o)

.debug_line.119
                0x0000000000000000      0x190
 .debug_line    0x0000000000000000      0x190 common/libcommon.a(env_spi.o)

.debug_aranges.120
                0x0000000000000000       0x20
 .debug_aranges
                0x0000000000000000       0x20 common/libcommon.a(env_spi.o)

.debug_abbrev.121
                0x0000000000000000      0x3e5
 .debug_abbrev  0x0000000000000000      0x3e5 common/libcommon.a(usb.o)

.debug_info.122
                0x0000000000000000     0x1a84
 .debug_info    0x0000000000000000     0x1a84 common/libcommon.a(usb.o)

.debug_line.123
                0x0000000000000000      0x67e
 .debug_line    0x0000000000000000      0x67e common/libcommon.a(usb.o)

.debug_aranges.124
                0x0000000000000000       0x20
 .debug_aranges
                0x0000000000000000       0x20 common/libcommon.a(usb.o)

.debug_abbrev.125
                0x0000000000000000      0x2d6
 .debug_abbrev  0x0000000000000000      0x2d6 common/libcommon.a(usb_storage.o)

.debug_info.126
                0x0000000000000000     0x1663
 .debug_info    0x0000000000000000     0x1663 common/libcommon.a(usb_storage.o)

.debug_line.127
                0x0000000000000000      0x57d
 .debug_line    0x0000000000000000      0x57d common/libcommon.a(usb_storage.o)

.debug_aranges.128
                0x0000000000000000       0x20
 .debug_aranges
                0x0000000000000000       0x20 common/libcommon.a(usb_storage.o)

.debug_abbrev.129
                0x0000000000000000       0xdb
 .debug_abbrev  0x0000000000000000       0xdb lib_generic/libgeneric.a(crc32.o)

.debug_info.130
                0x0000000000000000      0x1dc
 .debug_info    0x0000000000000000      0x1dc lib_generic/libgeneric.a(crc32.o)

.debug_line.131
                0x0000000000000000       0xa4
 .debug_line    0x0000000000000000       0xa4 lib_generic/libgeneric.a(crc32.o)

.debug_aranges.132
                0x0000000000000000       0x20
 .debug_aranges
                0x0000000000000000       0x20 lib_generic/libgeneric.a(crc32.o)

.debug_abbrev.133
                0x0000000000000000       0x42
 .debug_abbrev  0x0000000000000000       0x42 lib_generic/libgeneric.a(ctype.o)

.debug_info.134
                0x0000000000000000       0x56
 .debug_info    0x0000000000000000       0x56 lib_generic/libgeneric.a(ctype.o)

.debug_line.135
                0x0000000000000000       0x28
 .debug_line    0x0000000000000000       0x28 lib_generic/libgeneric.a(ctype.o)

.debug_abbrev.136
                0x0000000000000000       0xc4
 .debug_abbrev  0x0000000000000000       0xc4 lib_generic/libgeneric.a(display_options.o)

.debug_info.137
                0x0000000000000000      0x123
 .debug_info    0x0000000000000000      0x123 lib_generic/libgeneric.a(display_options.o)

.debug_line.138
                0x0000000000000000       0xb1
 .debug_line    0x0000000000000000       0xb1 lib_generic/libgeneric.a(display_options.o)

.debug_aranges.139
                0x0000000000000000       0x20
 .debug_aranges
                0x0000000000000000       0x20 lib_generic/libgeneric.a(display_options.o)

.debug_abbrev.140
                0x0000000000000000      0x101
 .debug_abbrev  0x0000000000000000      0x101 lib_generic/libgeneric.a(string.o)

.debug_info.141
                0x0000000000000000      0x3b6
 .debug_info    0x0000000000000000      0x3b6 lib_generic/libgeneric.a(string.o)

.debug_line.142
                0x0000000000000000      0x13a
 .debug_line    0x0000000000000000      0x13a lib_generic/libgeneric.a(string.o)

.debug_aranges.143
                0x0000000000000000       0x20
 .debug_aranges
                0x0000000000000000       0x20 lib_generic/libgeneric.a(string.o)

.debug_abbrev.144
                0x0000000000000000      0x189
 .debug_abbrev  0x0000000000000000      0x189 lib_generic/libgeneric.a(vsprintf.o)

.debug_info.145
                0x0000000000000000      0x3e4
 .debug_info    0x0000000000000000      0x3e4 lib_generic/libgeneric.a(vsprintf.o)

.debug_line.146
                0x0000000000000000      0x1fb
 .debug_line    0x0000000000000000      0x1fb lib_generic/libgeneric.a(vsprintf.o)

.debug_aranges.147
                0x0000000000000000       0x20
 .debug_aranges
                0x0000000000000000       0x20 lib_generic/libgeneric.a(vsprintf.o)

.debug_abbrev.148
                0x0000000000000000      0x17d
 .debug_abbrev  0x0000000000000000      0x17d lib_generic/libgeneric.a(LzmaDecode.o)

.debug_info.149
                0x0000000000000000      0x756
 .debug_info    0x0000000000000000      0x756 lib_generic/libgeneric.a(LzmaDecode.o)

.debug_line.150
                0x0000000000000000      0x21a
 .debug_line    0x0000000000000000      0x21a lib_generic/libgeneric.a(LzmaDecode.o)

.debug_aranges.151
                0x0000000000000000       0x20
 .debug_aranges
                0x0000000000000000       0x20 lib_generic/libgeneric.a(LzmaDecode.o)

.debug_abbrev.152
                0x0000000000000000       0xc9
 .debug_abbrev  0x0000000000000000       0xc9 board/rt2880/librt2880.a(rt2880.o)

.debug_info.153
                0x0000000000000000      0x190
 .debug_info    0x0000000000000000      0x190 board/rt2880/librt2880.a(rt2880.o)

.debug_line.154